Archive member included to satisfy reference by file (symbol)

C:/ST/STM32CubeIDE_1.16.1/STM32CubeIDE/plugins/com.st.stm32cube.ide.mcu.externaltools.gnu-tools-for-stm32.12.3.rel1.win32_1.0.200.202406191623/tools/bin/../lib/gcc/arm-none-eabi/12.3.1/../../../../arm-none-eabi/lib/thumb/v6-m/nofp\libc_nano.a(libc_a-exit.o)
                              C:/ST/STM32CubeIDE_1.16.1/STM32CubeIDE/plugins/com.st.stm32cube.ide.mcu.externaltools.gnu-tools-for-stm32.12.3.rel1.win32_1.0.200.202406191623/tools/bin/../lib/gcc/arm-none-eabi/12.3.1/../../../../arm-none-eabi/lib/thumb/v6-m/nofp/crt0.o (exit)
C:/ST/STM32CubeIDE_1.16.1/STM32CubeIDE/plugins/com.st.stm32cube.ide.mcu.externaltools.gnu-tools-for-stm32.12.3.rel1.win32_1.0.200.202406191623/tools/bin/../lib/gcc/arm-none-eabi/12.3.1/../../../../arm-none-eabi/lib/thumb/v6-m/nofp\libc_nano.a(libc_a-findfp.o)
                              C:/ST/STM32CubeIDE_1.16.1/STM32CubeIDE/plugins/com.st.stm32cube.ide.mcu.externaltools.gnu-tools-for-stm32.12.3.rel1.win32_1.0.200.202406191623/tools/bin/../lib/gcc/arm-none-eabi/12.3.1/../../../../arm-none-eabi/lib/thumb/v6-m/nofp\libc_nano.a(libc_a-exit.o) (__stdio_exit_handler)
C:/ST/STM32CubeIDE_1.16.1/STM32CubeIDE/plugins/com.st.stm32cube.ide.mcu.externaltools.gnu-tools-for-stm32.12.3.rel1.win32_1.0.200.202406191623/tools/bin/../lib/gcc/arm-none-eabi/12.3.1/../../../../arm-none-eabi/lib/thumb/v6-m/nofp\libc_nano.a(libc_a-fwalk.o)
                              C:/ST/STM32CubeIDE_1.16.1/STM32CubeIDE/plugins/com.st.stm32cube.ide.mcu.externaltools.gnu-tools-for-stm32.12.3.rel1.win32_1.0.200.202406191623/tools/bin/../lib/gcc/arm-none-eabi/12.3.1/../../../../arm-none-eabi/lib/thumb/v6-m/nofp\libc_nano.a(libc_a-findfp.o) (_fwalk_sglue)
C:/ST/STM32CubeIDE_1.16.1/STM32CubeIDE/plugins/com.st.stm32cube.ide.mcu.externaltools.gnu-tools-for-stm32.12.3.rel1.win32_1.0.200.202406191623/tools/bin/../lib/gcc/arm-none-eabi/12.3.1/../../../../arm-none-eabi/lib/thumb/v6-m/nofp\libc_nano.a(libc_a-stdio.o)
                              C:/ST/STM32CubeIDE_1.16.1/STM32CubeIDE/plugins/com.st.stm32cube.ide.mcu.externaltools.gnu-tools-for-stm32.12.3.rel1.win32_1.0.200.202406191623/tools/bin/../lib/gcc/arm-none-eabi/12.3.1/../../../../arm-none-eabi/lib/thumb/v6-m/nofp\libc_nano.a(libc_a-findfp.o) (__sread)
C:/ST/STM32CubeIDE_1.16.1/STM32CubeIDE/plugins/com.st.stm32cube.ide.mcu.externaltools.gnu-tools-for-stm32.12.3.rel1.win32_1.0.200.202406191623/tools/bin/../lib/gcc/arm-none-eabi/12.3.1/../../../../arm-none-eabi/lib/thumb/v6-m/nofp\libc_nano.a(libc_a-memset.o)
                              C:/ST/STM32CubeIDE_1.16.1/STM32CubeIDE/plugins/com.st.stm32cube.ide.mcu.externaltools.gnu-tools-for-stm32.12.3.rel1.win32_1.0.200.202406191623/tools/bin/../lib/gcc/arm-none-eabi/12.3.1/../../../../arm-none-eabi/lib/thumb/v6-m/nofp/crt0.o (memset)
C:/ST/STM32CubeIDE_1.16.1/STM32CubeIDE/plugins/com.st.stm32cube.ide.mcu.externaltools.gnu-tools-for-stm32.12.3.rel1.win32_1.0.200.202406191623/tools/bin/../lib/gcc/arm-none-eabi/12.3.1/../../../../arm-none-eabi/lib/thumb/v6-m/nofp\libc_nano.a(libc_a-closer.o)
                              C:/ST/STM32CubeIDE_1.16.1/STM32CubeIDE/plugins/com.st.stm32cube.ide.mcu.externaltools.gnu-tools-for-stm32.12.3.rel1.win32_1.0.200.202406191623/tools/bin/../lib/gcc/arm-none-eabi/12.3.1/../../../../arm-none-eabi/lib/thumb/v6-m/nofp\libc_nano.a(libc_a-stdio.o) (_close_r)
C:/ST/STM32CubeIDE_1.16.1/STM32CubeIDE/plugins/com.st.stm32cube.ide.mcu.externaltools.gnu-tools-for-stm32.12.3.rel1.win32_1.0.200.202406191623/tools/bin/../lib/gcc/arm-none-eabi/12.3.1/../../../../arm-none-eabi/lib/thumb/v6-m/nofp\libc_nano.a(libc_a-reent.o)
                              C:/ST/STM32CubeIDE_1.16.1/STM32CubeIDE/plugins/com.st.stm32cube.ide.mcu.externaltools.gnu-tools-for-stm32.12.3.rel1.win32_1.0.200.202406191623/tools/bin/../lib/gcc/arm-none-eabi/12.3.1/../../../../arm-none-eabi/lib/thumb/v6-m/nofp\libc_nano.a(libc_a-closer.o) (errno)
C:/ST/STM32CubeIDE_1.16.1/STM32CubeIDE/plugins/com.st.stm32cube.ide.mcu.externaltools.gnu-tools-for-stm32.12.3.rel1.win32_1.0.200.202406191623/tools/bin/../lib/gcc/arm-none-eabi/12.3.1/../../../../arm-none-eabi/lib/thumb/v6-m/nofp\libc_nano.a(libc_a-impure.o)
                              C:/ST/STM32CubeIDE_1.16.1/STM32CubeIDE/plugins/com.st.stm32cube.ide.mcu.externaltools.gnu-tools-for-stm32.12.3.rel1.win32_1.0.200.202406191623/tools/bin/../lib/gcc/arm-none-eabi/12.3.1/../../../../arm-none-eabi/lib/thumb/v6-m/nofp\libc_nano.a(libc_a-reent.o) (_impure_ptr)
C:/ST/STM32CubeIDE_1.16.1/STM32CubeIDE/plugins/com.st.stm32cube.ide.mcu.externaltools.gnu-tools-for-stm32.12.3.rel1.win32_1.0.200.202406191623/tools/bin/../lib/gcc/arm-none-eabi/12.3.1/../../../../arm-none-eabi/lib/thumb/v6-m/nofp\libc_nano.a(libc_a-lseekr.o)
[...]
Memory Configuration

Name             Origin             Length             Attributes
RAM              0x20008000         0x00008000         xrw
FLASH            0x08020000         0x00020000         xr
*default*        0x00000000         0xffffffff

Linker script and memory map

LOAD C:/ST/STM32CubeIDE_1.16.1/STM32CubeIDE/plugins/com.st.stm32cube.ide.mcu.externaltools.gnu-tools-for-stm32.12.3.rel1.win32_1.0.200.202406191623/tools/bin/../lib/gcc/arm-none-eabi/12.3.1/thumb/v6-m/nofp/crti.o
LOAD C:/ST/STM32CubeIDE_1.16.1/STM32CubeIDE/plugins/com.st.stm32cube.ide.mcu.externaltools.gnu-tools-for-stm32.12.3.rel1.win32_1.0.200.202406191623/tools/bin/../lib/gcc/arm-none-eabi/12.3.1/thumb/v6-m/nofp/crtbegin.o
LOAD C:/ST/STM32CubeIDE_1.16.1/STM32CubeIDE/plugins/com.st.stm32cube.ide.mcu.externaltools.gnu-tools-for-stm32.12.3.rel1.win32_1.0.200.202406191623/tools/bin/../lib/gcc/arm-none-eabi/12.3.1/../../../../arm-none-eabi/lib/thumb/v6-m/nofp/crt0.o
LOAD ./Common/System/system_stm32wlxx.o
LOAD ./Core/Src/main.o
LOAD ./Core/Src/stm32wlxx_hal_msp.o
LOAD ./Core/Src/stm32wlxx_it.o
LOAD ./Core/Src/syscalls.o
LOAD ./Core/Src/sysmem.o
LOAD ./Core/Startup/startup_stm32wl55jcix.o
LOAD ./Drivers/BSP/STM32WLxx_Nucleo/stm32wlxx_nucleo.o
LOAD ./Drivers/STM32WLxx_HAL_Driver/stm32wlxx_hal.o
LOAD ./Drivers/STM32WLxx_HAL_Driver/stm32wlxx_hal_cortex.o
LOAD ./Drivers/STM32WLxx_HAL_Driver/stm32wlxx_hal_dma.o
LOAD ./Drivers/STM32WLxx_HAL_Driver/stm32wlxx_hal_dma_ex.o
LOAD ./Drivers/STM32WLxx_HAL_Driver/stm32wlxx_hal_exti.o
LOAD ./Drivers/STM32WLxx_HAL_Driver/stm32wlxx_hal_flash.o
LOAD ./Drivers/STM32WLxx_HAL_Driver/stm32wlxx_hal_flash_ex.o
LOAD ./Drivers/STM32WLxx_HAL_Driver/stm32wlxx_hal_gpio.o
LOAD ./Drivers/STM32WLxx_HAL_Driver/stm32wlxx_hal_pwr.o
LOAD ./Drivers/STM32WLxx_HAL_Driver/stm32wlxx_hal_pwr_ex.o
LOAD ./Drivers/STM32WLxx_HAL_Driver/stm32wlxx_hal_rcc.o
LOAD ./Drivers/STM32WLxx_HAL_Driver/stm32wlxx_hal_rcc_ex.o
LOAD ./Drivers/STM32WLxx_HAL_Driver/stm32wlxx_hal_subghz.o
LOAD ./Drivers/STM32WLxx_HAL_Driver/stm32wlxx_hal_tim.o
LOAD ./Drivers/STM32WLxx_HAL_Driver/stm32wlxx_hal_tim_ex.o
LOAD ./Drivers/STM32WLxx_HAL_Driver/stm32wlxx_hal_uart.o
LOAD ./Drivers/STM32WLxx_HAL_Driver/stm32wlxx_hal_uart_ex.o
LOAD ./Drivers/STM32WLxx_HAL_Driver/stm32wlxx_hal_usart.o
LOAD ./Drivers/STM32WLxx_HAL_Driver/stm32wlxx_hal_usart_ex.o
START GROUP
LOAD C:/ST/STM32CubeIDE_1.16.1/STM32CubeIDE/plugins/com.st.stm32cube.ide.mcu.externaltools.gnu-tools-for-stm32.12.3.rel1.win32_1.0.200.202406191623/tools/bin/../lib/gcc/arm-none-eabi/12.3.1/../../../../arm-none-eabi/lib/thumb/v6-m/nofp\libc_nano.a
LOAD C:/ST/STM32CubeIDE_1.16.1/STM32CubeIDE/plugins/com.st.stm32cube.ide.mcu.externaltools.gnu-tools-for-stm32.12.3.rel1.win32_1.0.200.202406191623/tools/bin/../lib/gcc/arm-none-eabi/12.3.1/../../../../arm-none-eabi/lib/thumb/v6-m/nofp\libm.a
END GROUP
START GROUP
LOAD C:/ST/STM32CubeIDE_1.16.1/STM32CubeIDE/plugins/com.st.stm32cube.ide.mcu.externaltools.gnu-tools-for-stm32.12.3.rel1.win32_1.0.200.202406191623/tools/bin/../lib/gcc/arm-none-eabi/12.3.1/thumb/v6-m/nofp\libgcc.a
LOAD C:/ST/STM32CubeIDE_1.16.1/STM32CubeIDE/plugins/com.st.stm32cube.ide.mcu.externaltools.gnu-tools-for-stm32.12.3.rel1.win32_1.0.200.202406191623/tools/bin/../lib/gcc/arm-none-eabi/12.3.1/../../../../arm-none-eabi/lib/thumb/v6-m/nofp\libc_nano.a
END GROUP
START GROUP
LOAD C:/ST/STM32CubeIDE_1.16.1/STM32CubeIDE/plugins/com.st.stm32cube.ide.mcu.externaltools.gnu-tools-for-stm32.12.3.rel1.win32_1.0.200.202406191623/tools/bin/../lib/gcc/arm-none-eabi/12.3.1/thumb/v6-m/nofp\libgcc.a
LOAD C:/ST/STM32CubeIDE_1.16.1/STM32CubeIDE/plugins/com.st.stm32cube.ide.mcu.externaltools.gnu-tools-for-stm32.12.3.rel1.win32_1.0.200.202406191623/tools/bin/../lib/gcc/arm-none-eabi/12.3.1/../../../../arm-none-eabi/lib/thumb/v6-m/nofp\libc_nano.a
LOAD C:/ST/STM32CubeIDE_1.16.1/STM32CubeIDE/plugins/com.st.stm32cube.ide.mcu.externaltools.gnu-tools-for-stm32.12.3.rel1.win32_1.0.200.202406191623/tools/bin/../lib/gcc/arm-none-eabi/12.3.1/../../../../arm-none-eabi/lib/thumb/v6-m/nofp\libnosys.a
END GROUP
START GROUP
LOAD C:/ST/STM32CubeIDE_1.16.1/STM32CubeIDE/plugins/com.st.stm32cube.ide.mcu.externaltools.gnu-tools-for-stm32.12.3.rel1.win32_1.0.200.202406191623/tools/bin/../lib/gcc/arm-none-eabi/12.3.1/thumb/v6-m/nofp\libgcc.a
LOAD C:/ST/STM32CubeIDE_1.16.1/STM32CubeIDE/plugins/com.st.stm32cube.ide.mcu.externaltools.gnu-tools-for-stm32.12.3.rel1.win32_1.0.200.202406191623/tools/bin/../lib/gcc/arm-none-eabi/12.3.1/../../../../arm-none-eabi/lib/thumb/v6-m/nofp\libc_nano.a
LOAD C:/ST/STM32CubeIDE_1.16.1/STM32CubeIDE/plugins/com.st.stm32cube.ide.mcu.externaltools.gnu-tools-for-stm32.12.3.rel1.win32_1.0.200.202406191623/tools/bin/../lib/gcc/arm-none-eabi/12.3.1/../../../../arm-none-eabi/lib/thumb/v6-m/nofp\libnosys.a
END GROUP
LOAD C:/ST/STM32CubeIDE_1.16.1/STM32CubeIDE/plugins/com.st.stm32cube.ide.mcu.externaltools.gnu-tools-for-stm32.12.3.rel1.win32_1.0.200.202406191623/tools/bin/../lib/gcc/arm-none-eabi/12.3.1/thumb/v6-m/nofp/crtend.o
LOAD C:/ST/STM32CubeIDE_1.16.1/STM32CubeIDE/plugins/com.st.stm32cube.ide.mcu.externaltools.gnu-tools-for-stm32.12.3.rel1.win32_1.0.200.202406191623/tools/bin/../lib/gcc/arm-none-eabi/12.3.1/thumb/v6-m/nofp/crtn.o
                0x20010000                        _estack = (ORIGIN (RAM) + LENGTH (RAM))
                0x00000200                        _Min_Heap_Size = 0x200
                0x00000400                        _Min_Stack_Size = 0x400

.isr_vector     0x08020000       0xc0
                0x08020000                        . = ALIGN (0x4)
 *(.isr_vector)
 .isr_vector    0x08020000       0xc0 ./Core/Startup/startup_stm32wl55jcix.o
                0x08020000                g_pfnVectors
                0x080200c0                        . = ALIGN (0x4)

.text           0x080200c0      0x9b8
                0x080200c0                        . = ALIGN (0x4)
 *(.text)
 .text          0x080200c0       0x48 C:/ST/STM32CubeIDE_1.16.1/STM32CubeIDE/plugins/com.st.stm32cube.ide.mcu.externaltools.gnu-tools-for-stm32.12.3.rel1.win32_1.0.200.202406191623/tools/bin/../lib/gcc/arm-none-eabi/12.3.1/thumb/v6-m/nofp/crtbegin.o
 .text          0x08020108      0x114 C:/ST/STM32CubeIDE_1.16.1/STM32CubeIDE/plugins/com.st.stm32cube.ide.mcu.externaltools.gnu-tools-for-stm32.12.3.rel1.win32_1.0.200.202406191623/tools/bin/../lib/gcc/arm-none-eabi/12.3.1/thumb/v6-m/nofp\libgcc.a(_udivsi3.o)
                0x08020108                __aeabi_uidiv
                0x08020108                __udivsi3
                0x08020214                __aeabi_uidivmod
 .text          0x0802021c        0x4 C:/ST/STM32CubeIDE_1.16.1/STM32CubeIDE/plugins/com.st.stm32cube.ide.mcu.externaltools.gnu-tools-for-stm32.12.3.rel1.win32_1.0.200.202406191623/tools/bin/../lib/gcc/arm-none-eabi/12.3.1/thumb/v6-m/nofp\libgcc.a(_dvmd_tls.o)
                0x0802021c                __aeabi_idiv0
                0x0802021c                __aeabi_ldiv0
 *(.text*)
 .text.SystemInit
                0x08020220        0xa ./Common/System/system_stm32wlxx.o
                0x08020220                SystemInit
 .text.main     0x0802022a       0x10 ./Core/Src/main.o
                0x0802022a                main
 *fill*         0x0802023a        0x2 
 .text.MX_SUBGHZ_Init
                0x0802023c       0x24 ./Core/Src/main.o
 .text.Error_Handler
                0x08020260        0xc ./Core/Src/main.o
                0x08020260                Error_Handler
 .text.LL_C2_APB3_GRP1_EnableClock
                0x0802026c       0x3a ./Core/Src/stm32wlxx_hal_msp.o
 .text.HAL_MspInit
                0x080202a6        0xa ./Core/Src/stm32wlxx_hal_msp.o
                0x080202a6                HAL_MspInit
 .text.HAL_SUBGHZ_MspInit
                0x080202b0       0x16 ./Core/Src/stm32wlxx_hal_msp.o
                0x080202b0                HAL_SUBGHZ_MspInit
 .text.NMI_Handler
                0x080202c6        0x8 ./Core/Src/stm32wlxx_it.o
                0x080202c6                NMI_Handler
 .text.HardFault_Handler
                0x080202ce        0x8 ./Core/Src/stm32wlxx_it.o
                0x080202ce                HardFault_Handler
 .text.SVC_Handler
                0x080202d6        0xa ./Core/Src/stm32wlxx_it.o
                0x080202d6                SVC_Handler
 .text.PendSV_Handler
                0x080202e0        0xa ./Core/Src/stm32wlxx_it.o
                0x080202e0                PendSV_Handler
 .text.SysTick_Handler
                0x080202ea        0xe ./Core/Src/stm32wlxx_it.o
                0x080202ea                SysTick_Handler
 .text.Reset_Handler
                0x080202f8       0x50 ./Core/Startup/startup_stm32wl55jcix.o
                0x080202f8                Reset_Handler
 .text.Default_Handler
                0x08020348        0x2 ./Core/Startup/startup_stm32wl55jcix.o
                0x08020348                I2C1_IRQHandler
                0x08020348                LPTIM2_IRQHandler
                0x08020348                LPTIM3_IRQHandler
                0x08020348                AES_PKA_IRQHandler
                0x08020348                SPI1_IRQHandler
                0x08020348                ADC_COMP_DAC_IRQHandler
                0x08020348                I2C2_IRQHandler
                0x08020348                TIM17_IRQHandler
                0x08020348                EXTI15_4_IRQHandler
                0x08020348                RCC_FLASH_C1SEV_IRQHandler
                0x08020348                SUBGHZSPI_IRQHandler
                0x08020348                DMA1_Channel4_5_6_7_IRQHandler
                0x08020348                SUBGHZ_Radio_IRQHandler
                0x08020348                EXTI1_0_IRQHandler
                0x08020348                TIM16_IRQHandler
                0x08020348                Default_Handler
                0x08020348                TIM1_IRQHandler
                0x08020348                IPCC_C2_RX_C2_TX_IRQHandler
                0x08020348                RTC_LSECSS_IRQHandler
                0x08020348                I2C3_IRQHandler
                0x08020348                PVD_PVM_IRQHandler
                0x08020348                SPI2_IRQHandler
                0x08020348                DMA2_DMAMUX1_OVR_IRQHandler
                0x08020348                EXTI3_2_IRQHandler
                0x08020348                RNG_IRQHandler
                0x08020348                HSEM_IRQHandler
                0x08020348                LPUART1_IRQHandler
                0x08020348                TIM2_IRQHandler
                0x08020348                TZIC_ILA_IRQHandler
                0x08020348                USART2_IRQHandler
                0x08020348                USART1_IRQHandler
                0x08020348                DMA1_Channel1_2_3_IRQHandler
                0x08020348                LPTIM1_IRQHandler
 *fill*         0x0802034a        0x2 
 .text.HAL_Init
                0x0802034c       0x3c ./Drivers/STM32WLxx_HAL_Driver/stm32wlxx_hal.o
                0x0802034c                HAL_Init
 .text.HAL_InitTick
                0x08020388       0x90 ./Drivers/STM32WLxx_HAL_Driver/stm32wlxx_hal.o
                0x08020388                HAL_InitTick
 .text.HAL_IncTick
                0x08020418       0x24 ./Drivers/STM32WLxx_HAL_Driver/stm32wlxx_hal.o
                0x08020418                HAL_IncTick
 .text.__NVIC_SetPriority
                0x0802043c       0xdc ./Drivers/STM32WLxx_HAL_Driver/stm32wlxx_hal_cortex.o
 .text.SysTick_Config
                0x08020518       0x48 ./Drivers/STM32WLxx_HAL_Driver/stm32wlxx_hal_cortex.o
 .text.HAL_NVIC_SetPriority
                0x08020560       0x2a ./Drivers/STM32WLxx_HAL_Driver/stm32wlxx_hal_cortex.o
                0x08020560                HAL_NVIC_SetPriority
 .text.HAL_SYSTICK_Config
                0x0802058a       0x1a ./Drivers/STM32WLxx_HAL_Driver/stm32wlxx_hal_cortex.o
                0x0802058a                HAL_SYSTICK_Config
 .text.LL_RCC_HSE_IsEnabledDiv2
                0x080205a4       0x24 ./Drivers/STM32WLxx_HAL_Driver/stm32wlxx_hal_rcc.o
 .text.LL_RCC_MSI_IsEnabledRangeSelect
                0x080205c8       0x1e ./Drivers/STM32WLxx_HAL_Driver/stm32wlxx_hal_rcc.o
 .text.LL_RCC_MSI_GetRange
                0x080205e6       0x14 ./Drivers/STM32WLxx_HAL_Driver/stm32wlxx_hal_rcc.o
 .text.LL_RCC_MSI_GetRangeAfterStandby
                0x080205fa       0x18 ./Drivers/STM32WLxx_HAL_Driver/stm32wlxx_hal_rcc.o
 .text.LL_RCC_GetSysClkSource
                0x08020612       0x14 ./Drivers/STM32WLxx_HAL_Driver/stm32wlxx_hal_rcc.o
 .text.LL_C2_RCC_GetAHBPrescaler
                0x08020626       0x18 ./Drivers/STM32WLxx_HAL_Driver/stm32wlxx_hal_rcc.o
 .text.LL_RCC_PLL_GetN
                0x0802063e       0x16 ./Drivers/STM32WLxx_HAL_Driver/stm32wlxx_hal_rcc.o
 .text.LL_RCC_PLL_GetR
                0x08020654       0x14 ./Drivers/STM32WLxx_HAL_Driver/stm32wlxx_hal_rcc.o
 .text.LL_RCC_PLL_GetDivider
                0x08020668       0x14 ./Drivers/STM32WLxx_HAL_Driver/stm32wlxx_hal_rcc.o
 .text.LL_RCC_PLL_GetMainSource
                0x0802067c       0x14 ./Drivers/STM32WLxx_HAL_Driver/stm32wlxx_hal_rcc.o
 .text.HAL_RCC_GetSysClockFreq
                0x08020690      0x154 ./Drivers/STM32WLxx_HAL_Driver/stm32wlxx_hal_rcc.o
                0x08020690                HAL_RCC_GetSysClockFreq
 .text.HAL_RCC_GetHCLK2Freq
                0x080207e4       0x30 ./Drivers/STM32WLxx_HAL_Driver/stm32wlxx_hal_rcc.o
                0x080207e4                HAL_RCC_GetHCLK2Freq
 .text.LL_PWR_SetRadioBusyTrigger
                0x08020814       0x2c ./Drivers/STM32WLxx_HAL_Driver/stm32wlxx_hal_subghz.o
 .text.LL_PWR_UnselectSUBGHZSPI_NSS
                0x08020840       0x20 ./Drivers/STM32WLxx_HAL_Driver/stm32wlxx_hal_subghz.o
 .text.LL_PWR_ClearFlag_RFBUSY
                0x08020860       0x18 ./Drivers/STM32WLxx_HAL_Driver/stm32wlxx_hal_subghz.o
 .text.LL_RCC_RF_DisableReset
                0x08020878       0x24 ./Drivers/STM32WLxx_HAL_Driver/stm32wlxx_hal_subghz.o
 .text.LL_RCC_IsRFUnderReset
                0x0802089c       0x26 ./Drivers/STM32WLxx_HAL_Driver/stm32wlxx_hal_subghz.o
 *fill*         0x080208c2        0x2 
 .text.LL_EXTI_EnableIT_32_63
                0x080208c4       0x24 ./Drivers/STM32WLxx_HAL_Driver/stm32wlxx_hal_subghz.o
 .text.HAL_SUBGHZ_Init
                0x080208e8       0xf0 ./Drivers/STM32WLxx_HAL_Driver/stm32wlxx_hal_subghz.o
                0x080208e8                HAL_SUBGHZ_Init
 .text.SUBGHZSPI_Init
                0x080209d8       0x40 ./Drivers/STM32WLxx_HAL_Driver/stm32wlxx_hal_subghz.o
                0x080209d8                SUBGHZSPI_Init
 .text.__libc_init_array
                0x08020a18       0x48 C:/ST/STM32CubeIDE_1.16.1/STM32CubeIDE/plugins/com.st.stm32cube.ide.mcu.externaltools.gnu-tools-for-stm32.12.3.rel1.win32_1.0.200.202406191623/tools/bin/../lib/gcc/arm-none-eabi/12.3.1/../../../../arm-none-eabi/lib/thumb/v6-m/nofp\libc_nano.a(libc_a-init.o)
                0x08020a18                __libc_init_array
 *(.glue_7)
 .glue_7        0x08020a60        0x0 linker stubs
 *(.glue_7t)
 .glue_7t       0x08020a60        0x0 linker stubs
 *(.eh_frame)
 .eh_frame      0x08020a60        0x0 C:/ST/STM32CubeIDE_1.16.1/STM32CubeIDE/plugins/com.st.stm32cube.ide.mcu.externaltools.gnu-tools-for-stm32.12.3.rel1.win32_1.0.200.202406191623/tools/bin/../lib/gcc/arm-none-eabi/12.3.1/thumb/v6-m/nofp/crtbegin.o
 *(.init)
 .init          0x08020a60        0x4 C:/ST/STM32CubeIDE_1.16.1/STM32CubeIDE/plugins/com.st.stm32cube.ide.mcu.externaltools.gnu-tools-for-stm32.12.3.rel1.win32_1.0.200.202406191623/tools/bin/../lib/gcc/arm-none-eabi/12.3.1/thumb/v6-m/nofp/crti.o
                0x08020a60                _init
 .init          0x08020a64        0x8 C:/ST/STM32CubeIDE_1.16.1/STM32CubeIDE/plugins/com.st.stm32cube.ide.mcu.externaltools.gnu-tools-for-stm32.12.3.rel1.win32_1.0.200.202406191623/tools/bin/../lib/gcc/arm-none-eabi/12.3.1/thumb/v6-m/nofp/crtn.o
 *(.fini)
 .fini          0x08020a6c        0x4 C:/ST/STM32CubeIDE_1.16.1/STM32CubeIDE/plugins/com.st.stm32cube.ide.mcu.externaltools.gnu-tools-for-stm32.12.3.rel1.win32_1.0.200.202406191623/tools/bin/../lib/gcc/arm-none-eabi/12.3.1/thumb/v6-m/nofp/crti.o
                0x08020a6c                _fini
 .fini          0x08020a70        0x8 C:/ST/STM32CubeIDE_1.16.1/STM32CubeIDE/plugins/com.st.stm32cube.ide.mcu.externaltools.gnu-tools-for-stm32.12.3.rel1.win32_1.0.200.202406191623/tools/bin/../lib/gcc/arm-none-eabi/12.3.1/thumb/v6-m/nofp/crtn.o
                0x08020a78                        . = ALIGN (0x4)
                0x08020a78                        _etext = .

.vfp11_veneer   0x08020a78        0x0
 .vfp11_veneer  0x08020a78        0x0 linker stubs

.v4_bx          0x08020a78        0x0
 .v4_bx         0x08020a78        0x0 linker stubs

.iplt           0x08020a78        0x0
 .iplt          0x08020a78        0x0 C:/ST/STM32CubeIDE_1.16.1/STM32CubeIDE/plugins/com.st.stm32cube.ide.mcu.externaltools.gnu-tools-for-stm32.12.3.rel1.win32_1.0.200.202406191623/tools/bin/../lib/gcc/arm-none-eabi/12.3.1/thumb/v6-m/nofp/crtbegin.o

.rodata         0x08020a78       0x80
                0x08020a78                        . = ALIGN (0x4)
 *(.rodata)
 *(.rodata*)
 .rodata.AHBPrescTable
                0x08020a78       0x40 ./Common/System/system_stm32wlxx.o
                0x08020a78                AHBPrescTable
 .rodata.MSIRangeTable
                0x08020ab8       0x40 ./Common/System/system_stm32wlxx.o
                0x08020ab8                MSIRangeTable
                0x08020af8                        . = ALIGN (0x4)

.ARM.extab      0x08020af8        0x0
                0x08020af8                        . = ALIGN (0x4)
 *(.ARM.extab* .gnu.linkonce.armextab.*)
                0x08020af8                        . = ALIGN (0x4)

.ARM            0x08020af8        0x0
                0x08020af8                        . = ALIGN (0x4)
                0x08020af8                        __exidx_start = .
 *(.ARM.exidx*)
                0x08020af8                        __exidx_end = .
                0x08020af8                        . = ALIGN (0x4)

.preinit_array  0x08020af8        0x0
                0x08020af8                        . = ALIGN (0x4)
                0x08020af8                        PROVIDE (__preinit_array_start = .)
 *(.preinit_array*)
                0x08020af8                        PROVIDE (__preinit_array_end = .)
                0x08020af8                        . = ALIGN (0x4)

.init_array     0x08020af8        0x4
                0x08020af8                        . = ALIGN (0x4)
                0x08020af8                        PROVIDE (__init_array_start = .)
 *(SORT_BY_NAME(.init_array.*))
 *(.init_array*)
 .init_array    0x08020af8        0x4 C:/ST/STM32CubeIDE_1.16.1/STM32CubeIDE/plugins/com.st.stm32cube.ide.mcu.externaltools.gnu-tools-for-stm32.12.3.rel1.win32_1.0.200.202406191623/tools/bin/../lib/gcc/arm-none-eabi/12.3.1/thumb/v6-m/nofp/crtbegin.o
                0x08020afc                        PROVIDE (__init_array_end = .)
                0x08020afc                        . = ALIGN (0x4)

.fini_array     0x08020afc        0x4
                0x08020afc                        . = ALIGN (0x4)
                [!provide]                        PROVIDE (__fini_array_start = .)
 *(SORT_BY_NAME(.fini_array.*))
 *(.fini_array*)
 .fini_array    0x08020afc        0x4 C:/ST/STM32CubeIDE_1.16.1/STM32CubeIDE/plugins/com.st.stm32cube.ide.mcu.externaltools.gnu-tools-for-stm32.12.3.rel1.win32_1.0.200.202406191623/tools/bin/../lib/gcc/arm-none-eabi/12.3.1/thumb/v6-m/nofp/crtbegin.o
                [!provide]                        PROVIDE (__fini_array_end = .)
                0x08020b00                        . = ALIGN (0x4)
                0x08020b00                        _sidata = LOADADDR (.data)

.rel.dyn        0x08020b00        0x0
 .rel.iplt      0x08020b00        0x0 C:/ST/STM32CubeIDE_1.16.1/STM32CubeIDE/plugins/com.st.stm32cube.ide.mcu.externaltools.gnu-tools-for-stm32.12.3.rel1.win32_1.0.200.202406191623/tools/bin/../lib/gcc/arm-none-eabi/12.3.1/thumb/v6-m/nofp/crtbegin.o

.data           0x20008000        0xc load address 0x08020b00
                0x20008000                        . = ALIGN (0x4)
                0x20008000                        _sdata = .
 *(.data)
 *(.data*)
 .data.SystemCoreClock
                0x20008000        0x4 ./Common/System/system_stm32wlxx.o
                0x20008000                SystemCoreClock
 .data.uwTickPrio
                0x20008004        0x4 ./Drivers/STM32WLxx_HAL_Driver/stm32wlxx_hal.o
                0x20008004                uwTickPrio
 .data.uwTickFreq
                0x20008008        0x1 ./Drivers/STM32WLxx_HAL_Driver/stm32wlxx_hal.o
                0x20008008                uwTickFreq
 *(.RamFunc)
 *(.RamFunc*)
                0x2000800c                        . = ALIGN (0x4)
 *fill*         0x20008009        0x3 
                0x2000800c                        _edata = .

.igot.plt       0x2000800c        0x0 load address 0x08020b0c
 .igot.plt      0x2000800c        0x0 C:/ST/STM32CubeIDE_1.16.1/STM32CubeIDE/plugins/com.st.stm32cube.ide.mcu.externaltools.gnu-tools-for-stm32.12.3.rel1.win32_1.0.200.202406191623/tools/bin/../lib/gcc/arm-none-eabi/12.3.1/thumb/v6-m/nofp/crtbegin.o
                0x2000800c                        . = ALIGN (0x4)

.bss            0x2000800c       0x2c load address 0x08020b0c
                0x2000800c                        _sbss = .
                0x2000800c                        __bss_start__ = _sbss
 *(.bss)
 .bss           0x2000800c       0x1c C:/ST/STM32CubeIDE_1.16.1/STM32CubeIDE/plugins/com.st.stm32cube.ide.mcu.externaltools.gnu-tools-for-stm32.12.3.rel1.win32_1.0.200.202406191623/tools/bin/../lib/gcc/arm-none-eabi/12.3.1/thumb/v6-m/nofp/crtbegin.o
 *(.bss*)
 .bss.hsubghz   0x20008028        0xc ./Core/Src/main.o
                0x20008028                hsubghz
 .bss.uwTick    0x20008034        0x4 ./Drivers/STM32WLxx_HAL_Driver/stm32wlxx_hal.o
                0x20008034                uwTick
 *(COMMON)
                0x20008038                        . = ALIGN (0x4)
                0x20008038                        _ebss = .
                0x20008038                        __bss_end__ = _ebss

._user_heap_stack
                0x20008038      0x600 load address 0x08020b0c
                0x20008038                        . = ALIGN (0x8)
                [!provide]                        PROVIDE (end = .)
                0x20008038                        PROVIDE (_end = .)
                0x20008238                        . = (. + _Min_Heap_Size)
 *fill*         0x20008038      0x200 
                0x20008638                        . = (. + _Min_Stack_Size)
 *fill*         0x20008238      0x400 
                0x20008638                        . = ALIGN (0x8)

/DISCARD/
 libc.a(*)
 libm.a(*)
 libgcc.a(*)

.ARM.attributes
                0x00000000       0x28
 *(.ARM.attributes)
 .ARM.attributes
                0x00000000       0x1e C:/ST/STM32CubeIDE_1.16.1/STM32CubeIDE/plugins/com.st.stm32cube.ide.mcu.externaltools.gnu-tools-for-stm32.12.3.rel1.win32_1.0.200.202406191623/tools/bin/../lib/gcc/arm-none-eabi/12.3.1/thumb/v6-m/nofp/crti.o
 .ARM.attributes
                0x0000001e       0x2c C:/ST/STM32CubeIDE_1.16.1/STM32CubeIDE/plugins/com.st.stm32cube.ide.mcu.externaltools.gnu-tools-for-stm32.12.3.rel1.win32_1.0.200.202406191623/tools/bin/../lib/gcc/arm-none-eabi/12.3.1/thumb/v6-m/nofp/crtbegin.o
 .ARM.attributes
                0x0000004a       0x2c ./Common/System/system_stm32wlxx.o
 .ARM.attributes
                0x00000076       0x2c ./Core/Src/main.o
 .ARM.attributes
                0x000000a2       0x2c ./Core/Src/stm32wlxx_hal_msp.o
 .ARM.attributes
                0x000000ce       0x2c ./Core/Src/stm32wlxx_it.o
 .ARM.attributes
                0x000000fa       0x22 ./Core/Startup/startup_stm32wl55jcix.o
 .ARM.attributes
                0x0000011c       0x2c ./Drivers/STM32WLxx_HAL_Driver/stm32wlxx_hal.o
 .ARM.attributes
                0x00000148       0x2c ./Drivers/STM32WLxx_HAL_Driver/stm32wlxx_hal_cortex.o
 .ARM.attributes
                0x00000174       0x2c ./Drivers/STM32WLxx_HAL_Driver/stm32wlxx_hal_rcc.o
 .ARM.attributes
                0x000001a0       0x2c ./Drivers/STM32WLxx_HAL_Driver/stm32wlxx_hal_subghz.o
 .ARM.attributes
                0x000001cc       0x2c C:/ST/STM32CubeIDE_1.16.1/STM32CubeIDE/plugins/com.st.stm32cube.ide.mcu.externaltools.gnu-tools-for-stm32.12.3.rel1.win32_1.0.200.202406191623/tools/bin/../lib/gcc/arm-none-eabi/12.3.1/../../../../arm-none-eabi/lib/thumb/v6-m/nofp\libc_nano.a(libc_a-init.o)
 .ARM.attributes
                0x000001f8       0x1e C:/ST/STM32CubeIDE_1.16.1/STM32CubeIDE/plugins/com.st.stm32cube.ide.mcu.externaltools.gnu-tools-for-stm32.12.3.rel1.win32_1.0.200.202406191623/tools/bin/../lib/gcc/arm-none-eabi/12.3.1/thumb/v6-m/nofp\libgcc.a(_udivsi3.o)
 .ARM.attributes
                0x00000216       0x1e C:/ST/STM32CubeIDE_1.16.1/STM32CubeIDE/plugins/com.st.stm32cube.ide.mcu.externaltools.gnu-tools-for-stm32.12.3.rel1.win32_1.0.200.202406191623/tools/bin/../lib/gcc/arm-none-eabi/12.3.1/thumb/v6-m/nofp\libgcc.a(_dvmd_tls.o)
 .ARM.attributes
                0x00000234       0x1e C:/ST/STM32CubeIDE_1.16.1/STM32CubeIDE/plugins/com.st.stm32cube.ide.mcu.externaltools.gnu-tools-for-stm32.12.3.rel1.win32_1.0.200.202406191623/tools/bin/../lib/gcc/arm-none-eabi/12.3.1/thumb/v6-m/nofp/crtn.o
OUTPUT(bm_CM0PLUS.elf elf32-littlearm)
LOAD linker stubs
LOAD C:/ST/STM32CubeIDE_1.16.1/STM32CubeIDE/plugins/com.st.stm32cube.ide.mcu.externaltools.gnu-tools-for-stm32.12.3.rel1.win32_1.0.200.202406191623/tools/bin/../lib/gcc/arm-none-eabi/12.3.1/../../../../arm-none-eabi/lib/thumb/v6-m/nofp\libc.a
LOAD C:/ST/STM32CubeIDE_1.16.1/STM32CubeIDE/plugins/com.st.stm32cube.ide.mcu.externaltools.gnu-tools-for-stm32.12.3.rel1.win32_1.0.200.202406191623/tools/bin/../lib/gcc/arm-none-eabi/12.3.1/../../../../arm-none-eabi/lib/thumb/v6-m/nofp\libm.a
LOAD C:/ST/STM32CubeIDE_1.16.1/STM32CubeIDE/plugins/com.st.stm32cube.ide.mcu.externaltools.gnu-tools-for-stm32.12.3.rel1.win32_1.0.200.202406191623/tools/bin/../lib/gcc/arm-none-eabi/12.3.1/thumb/v6-m/nofp\libgcc.a

.debug_info     0x00000000     0x4e61
 .debug_info    0x00000000      0x515 ./Common/System/system_stm32wlxx.o
 .debug_info    0x00000515      0x394 ./Core/Src/main.o
 .debug_info    0x000008a9      0x593 ./Core/Src/stm32wlxx_hal_msp.o
 .debug_info    0x00000e3c      0x11e ./Core/Src/stm32wlxx_it.o
 .debug_info    0x00000f5a       0x30 ./Core/Startup/startup_stm32wl55jcix.o
 .debug_info    0x00000f8a      0xeca ./Drivers/STM32WLxx_HAL_Driver/stm32wlxx_hal.o
 .debug_info    0x00001e54      0x88f ./Drivers/STM32WLxx_HAL_Driver/stm32wlxx_hal_cortex.o
 .debug_info    0x000026e3     0x13f1 ./Drivers/STM32WLxx_HAL_Driver/stm32wlxx_hal_rcc.o
 .debug_info    0x00003ad4     0x138d ./Drivers/STM32WLxx_HAL_Driver/stm32wlxx_hal_subghz.o

.debug_abbrev   0x00000000     0x1097
 .debug_abbrev  0x00000000      0x13e ./Common/System/system_stm32wlxx.o
 .debug_abbrev  0x0000013e      0x17c ./Core/Src/main.o
 .debug_abbrev  0x000002ba      0x1a7 ./Core/Src/stm32wlxx_hal_msp.o
 .debug_abbrev  0x00000461       0xac ./Core/Src/stm32wlxx_it.o
 .debug_abbrev  0x0000050d       0x24 ./Core/Startup/startup_stm32wl55jcix.o
 .debug_abbrev  0x00000531      0x309 ./Drivers/STM32WLxx_HAL_Driver/stm32wlxx_hal.o
 .debug_abbrev  0x0000083a      0x297 ./Drivers/STM32WLxx_HAL_Driver/stm32wlxx_hal_cortex.o
 .debug_abbrev  0x00000ad1      0x32d ./Drivers/STM32WLxx_HAL_Driver/stm32wlxx_hal_rcc.o
 .debug_abbrev  0x00000dfe      0x299 ./Drivers/STM32WLxx_HAL_Driver/stm32wlxx_hal_subghz.o

.debug_aranges  0x00000000      0x730
 .debug_aranges
                0x00000000       0x28 ./Common/System/system_stm32wlxx.o
 .debug_aranges
                0x00000028       0x30 ./Core/Src/main.o
 .debug_aranges
                0x00000058       0x40 ./Core/Src/stm32wlxx_hal_msp.o
 .debug_aranges
                0x00000098       0x40 ./Core/Src/stm32wlxx_it.o
 .debug_aranges
                0x000000d8       0x28 ./Core/Startup/startup_stm32wl55jcix.o
 .debug_aranges
                0x00000100      0x1c0 ./Drivers/STM32WLxx_HAL_Driver/stm32wlxx_hal.o
 .debug_aranges
                0x000002c0       0xd8 ./Drivers/STM32WLxx_HAL_Driver/stm32wlxx_hal_cortex.o
 .debug_aranges
                0x00000398      0x230 ./Drivers/STM32WLxx_HAL_Driver/stm32wlxx_hal_rcc.o
 .debug_aranges
                0x000005c8      0x168 ./Drivers/STM32WLxx_HAL_Driver/stm32wlxx_hal_subghz.o

.debug_rnglists
                0x00000000      0x54f
 .debug_rnglists
                0x00000000       0x1a ./Common/System/system_stm32wlxx.o
 .debug_rnglists
                0x0000001a       0x1f ./Core/Src/main.o
 .debug_rnglists
                0x00000039       0x2b ./Core/Src/stm32wlxx_hal_msp.o
 .debug_rnglists
                0x00000064       0x2b ./Core/Src/stm32wlxx_it.o
 .debug_rnglists
                0x0000008f       0x19 ./Core/Startup/startup_stm32wl55jcix.o
 .debug_rnglists
                0x000000a8      0x14d ./Drivers/STM32WLxx_HAL_Driver/stm32wlxx_hal.o
 .debug_rnglists
                0x000001f5       0x9f ./Drivers/STM32WLxx_HAL_Driver/stm32wlxx_hal_cortex.o
 .debug_rnglists
                0x00000294      0x1a7 ./Drivers/STM32WLxx_HAL_Driver/stm32wlxx_hal_rcc.o
 .debug_rnglists
                0x0000043b      0x114 ./Drivers/STM32WLxx_HAL_Driver/stm32wlxx_hal_subghz.o

.debug_macro    0x00000000    0x1ab6a
 .debug_macro   0x00000000      0x216 ./Common/System/system_stm32wlxx.o
 .debug_macro   0x00000216      0xa96 ./Common/System/system_stm32wlxx.o
 .debug_macro   0x00000cac       0x2e ./Common/System/system_stm32wlxx.o
 .debug_macro   0x00000cda       0x3a ./Common/System/system_stm32wlxx.o
 .debug_macro   0x00000d14       0x22 ./Common/System/system_stm32wlxx.o
 .debug_macro   0x00000d36       0x8e ./Common/System/system_stm32wlxx.o
 .debug_macro   0x00000dc4       0x51 ./Common/System/system_stm32wlxx.o
 .debug_macro   0x00000e15      0x103 ./Common/System/system_stm32wlxx.o
 .debug_macro   0x00000f18       0x6a ./Common/System/system_stm32wlxx.o
 .debug_macro   0x00000f82      0x1df ./Common/System/system_stm32wlxx.o
 .debug_macro   0x00001161       0x1c ./Common/System/system_stm32wlxx.o
 .debug_macro   0x0000117d       0x22 ./Common/System/system_stm32wlxx.o
 .debug_macro   0x0000119f       0xd1 ./Common/System/system_stm32wlxx.o
 .debug_macro   0x00001270      0x4da ./Common/System/system_stm32wlxx.o
 .debug_macro   0x0000174a      0x11f ./Common/System/system_stm32wlxx.o
 .debug_macro   0x00001869     0xf09d ./Common/System/system_stm32wlxx.o
 .debug_macro   0x00010906       0x66 ./Common/System/system_stm32wlxx.o
 .debug_macro   0x0001096c      0x124 ./Common/System/system_stm32wlxx.o
 .debug_macro   0x00010a90     0x341d ./Common/System/system_stm32wlxx.o
 .debug_macro   0x00013ead      0x189 ./Common/System/system_stm32wlxx.o
 .debug_macro   0x00014036       0x5c ./Common/System/system_stm32wlxx.o
 .debug_macro   0x00014092      0x416 ./Common/System/system_stm32wlxx.o
 .debug_macro   0x000144a8      0x2b8 ./Common/System/system_stm32wlxx.o
 .debug_macro   0x00014760      0x384 ./Common/System/system_stm32wlxx.o
 .debug_macro   0x00014ae4      0x196 ./Common/System/system_stm32wlxx.o
 .debug_macro   0x00014c7a       0x4a ./Common/System/system_stm32wlxx.o
 .debug_macro   0x00014cc4      0x1f5 ./Common/System/system_stm32wlxx.o
 .debug_macro   0x00014eb9      0x229 ./Common/System/system_stm32wlxx.o
 .debug_macro   0x000150e2      0x3e5 ./Common/System/system_stm32wlxx.o
 .debug_macro   0x000154c7       0x2e ./Common/System/system_stm32wlxx.o
 .debug_macro   0x000154f5      0x107 ./Common/System/system_stm32wlxx.o
 .debug_macro   0x000155fc      0x1ba ./Common/System/system_stm32wlxx.o
 .debug_macro   0x000157b6       0xe6 ./Common/System/system_stm32wlxx.o
 .debug_macro   0x0001589c      0x283 ./Common/System/system_stm32wlxx.o
 .debug_macro   0x00015b1f      0x133 ./Common/System/system_stm32wlxx.o
 .debug_macro   0x00015c52      0x36f ./Common/System/system_stm32wlxx.o
 .debug_macro   0x00015fc1      0x683 ./Common/System/system_stm32wlxx.o
 .debug_macro   0x00016644      0x20e ./Common/System/system_stm32wlxx.o
 .debug_macro   0x00016852      0xfb4 ./Common/System/system_stm32wlxx.o
 .debug_macro   0x00017806      0x136 ./Common/System/system_stm32wlxx.o
 .debug_macro   0x0001793c      0x2db ./Common/System/system_stm32wlxx.o
 .debug_macro   0x00017c17      0x288 ./Common/System/system_stm32wlxx.o
 .debug_macro   0x00017e9f       0xd6 ./Common/System/system_stm32wlxx.o
 .debug_macro   0x00017f75      0x693 ./Common/System/system_stm32wlxx.o
 .debug_macro   0x00018608       0xa6 ./Common/System/system_stm32wlxx.o
 .debug_macro   0x000186ae      0x3a4 ./Common/System/system_stm32wlxx.o
 .debug_macro   0x00018a52      0x32d ./Common/System/system_stm32wlxx.o
 .debug_macro   0x00018d7f      0x31e ./Core/Src/main.o
 .debug_macro   0x0001909d       0x52 ./Core/Src/main.o
 .debug_macro   0x000190ef       0x22 ./Core/Src/main.o
 .debug_macro   0x00019111      0x1a1 ./Core/Src/main.o
 .debug_macro   0x000192b2       0x61 ./Core/Src/main.o
 .debug_macro   0x00019313       0x24 ./Core/Src/main.o
 .debug_macro   0x00019337       0x43 ./Core/Src/main.o
 .debug_macro   0x0001937a       0x34 ./Core/Src/main.o
 .debug_macro   0x000193ae       0x16 ./Core/Src/main.o
 .debug_macro   0x000193c4       0x35 ./Core/Src/main.o
 .debug_macro   0x000193f9      0x369 ./Core/Src/main.o
 .debug_macro   0x00019762       0x10 ./Core/Src/main.o
 .debug_macro   0x00019772       0x16 ./Core/Src/main.o
 .debug_macro   0x00019788       0x43 ./Core/Src/main.o
 .debug_macro   0x000197cb       0x34 ./Core/Src/main.o
 .debug_macro   0x000197ff       0x10 ./Core/Src/main.o
 .debug_macro   0x0001980f       0x58 ./Core/Src/main.o
 .debug_macro   0x00019867       0x8e ./Core/Src/main.o
 .debug_macro   0x000198f5       0x1c ./Core/Src/main.o
 .debug_macro   0x00019911      0x177 ./Core/Src/main.o
 .debug_macro   0x00019a88       0x16 ./Core/Src/main.o
 .debug_macro   0x00019a9e       0x16 ./Core/Src/main.o
 .debug_macro   0x00019ab4      0x146 ./Core/Src/main.o
 .debug_macro   0x00019bfa       0x1c ./Core/Src/main.o
 .debug_macro   0x00019c16      0x31e ./Core/Src/stm32wlxx_hal_msp.o
 .debug_macro   0x00019f34      0x328 ./Core/Src/stm32wlxx_it.o
 .debug_macro   0x0001a25c      0x23a ./Drivers/STM32WLxx_HAL_Driver/stm32wlxx_hal.o
 .debug_macro   0x0001a496      0x216 ./Drivers/STM32WLxx_HAL_Driver/stm32wlxx_hal_cortex.o
 .debug_macro   0x0001a6ac      0x276 ./Drivers/STM32WLxx_HAL_Driver/stm32wlxx_hal_rcc.o
 .debug_macro   0x0001a922      0x248 ./Drivers/STM32WLxx_HAL_Driver/stm32wlxx_hal_subghz.o

.debug_line     0x00000000     0x7328
 .debug_line    0x00000000      0x9b2 ./Common/System/system_stm32wlxx.o
 .debug_line    0x000009b2      0xb2f ./Core/Src/main.o
 .debug_line    0x000014e1      0xb51 ./Core/Src/stm32wlxx_hal_msp.o
 .debug_line    0x00002032      0xb4c ./Core/Src/stm32wlxx_it.o
 .debug_line    0x00002b7e       0x7b ./Core/Startup/startup_stm32wl55jcix.o
 .debug_line    0x00002bf9      0xf13 ./Drivers/STM32WLxx_HAL_Driver/stm32wlxx_hal.o
 .debug_line    0x00003b0c      0xd4b ./Drivers/STM32WLxx_HAL_Driver/stm32wlxx_hal_cortex.o
 .debug_line    0x00004857     0x18d0 ./Drivers/STM32WLxx_HAL_Driver/stm32wlxx_hal_rcc.o
 .debug_line    0x00006127     0x1201 ./Drivers/STM32WLxx_HAL_Driver/stm32wlxx_hal_subghz.o

.debug_str      0x00000000    0xaa1f3
 .debug_str     0x00000000    0xa35c9 ./Common/System/system_stm32wlxx.o
                              0xa3b9b (size before relaxing)
 .debug_str     0x000a35c9     0x471c ./Core/Src/main.o
                              0xa7ff6 (size before relaxing)
 .debug_str     0x000a7ce5       0x9c ./Core/Src/stm32wlxx_hal_msp.o
                              0xa80a5 (size before relaxing)
 .debug_str     0x000a7d81       0x82 ./Core/Src/stm32wlxx_it.o
                              0xa7d5c (size before relaxing)
 .debug_str     0x000a7e03       0x44 ./Core/Startup/startup_stm32wl55jcix.o
                                 0x89 (size before relaxing)
 .debug_str     0x000a7e47      0x9d4 ./Drivers/STM32WLxx_HAL_Driver/stm32wlxx_hal.o
                              0xa457f (size before relaxing)
 .debug_str     0x000a881b      0x2cc ./Drivers/STM32WLxx_HAL_Driver/stm32wlxx_hal_cortex.o
                              0xa3ee0 (size before relaxing)
 .debug_str     0x000a8ae7      0xd8b ./Drivers/STM32WLxx_HAL_Driver/stm32wlxx_hal_rcc.o
                              0xa496d (size before relaxing)
 .debug_str     0x000a9872      0x981 ./Drivers/STM32WLxx_HAL_Driver/stm32wlxx_hal_subghz.o
                              0xa46a6 (size before relaxing)

.comment        0x00000000       0x43
 .comment       0x00000000       0x43 ./Common/System/system_stm32wlxx.o
                                 0x44 (size before relaxing)
 .comment       0x00000043       0x44 ./Core/Src/main.o
 .comment       0x00000043       0x44 ./Core/Src/stm32wlxx_hal_msp.o
 .comment       0x00000043       0x44 ./Core/Src/stm32wlxx_it.o
 .comment       0x00000043       0x44 ./Drivers/STM32WLxx_HAL_Driver/stm32wlxx_hal.o
 .comment       0x00000043       0x44 ./Drivers/STM32WLxx_HAL_Driver/stm32wlxx_hal_cortex.o
 .comment       0x00000043       0x44 ./Drivers/STM32WLxx_HAL_Driver/stm32wlxx_hal_rcc.o
 .comment       0x00000043       0x44 ./Drivers/STM32WLxx_HAL_Driver/stm32wlxx_hal_subghz.o

.debug_frame    0x00000000     0x1890
 .debug_frame   0x00000000       0x4c ./Common/System/system_stm32wlxx.o
 .debug_frame   0x0000004c       0x64 ./Core/Src/main.o
 .debug_frame   0x000000b0       0xac ./Core/Src/stm32wlxx_hal_msp.o
 .debug_frame   0x0000015c       0x9c ./Core/Src/stm32wlxx_it.o
 .debug_frame   0x000001f8      0x658 ./Drivers/STM32WLxx_HAL_Driver/stm32wlxx_hal.o
 .debug_frame   0x00000850      0x2fc ./Drivers/STM32WLxx_HAL_Driver/stm32wlxx_hal_cortex.o
 .debug_frame   0x00000b4c      0x7cc ./Drivers/STM32WLxx_HAL_Driver/stm32wlxx_hal_rcc.o
 .debug_frame   0x00001318      0x52c ./Drivers/STM32WLxx_HAL_Driver/stm32wlxx_hal_subghz.o
 .debug_frame   0x00001844       0x2c C:/ST/STM32CubeIDE_1.16.1/STM32CubeIDE/plugins/com.st.stm32cube.ide.mcu.externaltools.gnu-tools-for-stm32.12.3.rel1.win32_1.0.200.202406191623/tools/bin/../lib/gcc/arm-none-eabi/12.3.1/../../../../arm-none-eabi/lib/thumb/v6-m/nofp\libc_nano.a(libc_a-init.o)
 .debug_frame   0x00001870       0x20 C:/ST/STM32CubeIDE_1.16.1/STM32CubeIDE/plugins/com.st.stm32cube.ide.mcu.externaltools.gnu-tools-for-stm32.12.3.rel1.win32_1.0.200.202406191623/tools/bin/../lib/gcc/arm-none-eabi/12.3.1/thumb/v6-m/nofp\libgcc.a(_udivsi3.o)

.debug_line_str
                0x00000000       0x6d
 .debug_line_str
                0x00000000       0x6d ./Core/Startup/startup_stm32wl55jcix.o
