Archive member included to satisfy reference by file (symbol)

C:/ST/STM32CubeIDE_1.16.1/STM32CubeIDE/plugins/com.st.stm32cube.ide.mcu.externaltools.gnu-tools-for-stm32.12.3.rel1.win32_1.0.200.202406191623/tools/bin/../lib/gcc/arm-none-eabi/12.3.1/../../../../arm-none-eabi/lib/thumb/v7e-m/nofp\libc_nano.a(libc_a-exit.o)
                              C:/ST/STM32CubeIDE_1.16.1/STM32CubeIDE/plugins/com.st.stm32cube.ide.mcu.externaltools.gnu-tools-for-stm32.12.3.rel1.win32_1.0.200.202406191623/tools/bin/../lib/gcc/arm-none-eabi/12.3.1/../../../../arm-none-eabi/lib/thumb/v7e-m/nofp/crt0.o (exit)
C:/ST/STM32CubeIDE_1.16.1/STM32CubeIDE/plugins/com.st.stm32cube.ide.mcu.externaltools.gnu-tools-for-stm32.12.3.rel1.win32_1.0.200.202406191623/tools/bin/../lib/gcc/arm-none-eabi/12.3.1/../../../../arm-none-eabi/lib/thumb/v7e-m/nofp\libc_nano.a(libc_a-malloc.o)
                              ./Core/Src/aes.o (malloc)
C:/ST/STM32CubeIDE_1.16.1/STM32CubeIDE/plugins/com.st.stm32cube.ide.mcu.externaltools.gnu-tools-for-stm32.12.3.rel1.win32_1.0.200.202406191623/tools/bin/../lib/gcc/arm-none-eabi/12.3.1/../../../../arm-none-eabi/lib/thumb/v7e-m/nofp\libc_nano.a(libc_a-mallocr.o)
                              C:/ST/STM32CubeIDE_1.16.1/STM32CubeIDE/plugins/com.st.stm32cube.ide.mcu.externaltools.gnu-tools-for-stm32.12.3.rel1.win32_1.0.200.202406191623/tools/bin/../lib/gcc/arm-none-eabi/12.3.1/../../../../arm-none-eabi/lib/thumb/v7e-m/nofp\libc_nano.a(libc_a-malloc.o) (_malloc_r)
C:/ST/STM32CubeIDE_1.16.1/STM32CubeIDE/plugins/com.st.stm32cube.ide.mcu.externaltools.gnu-tools-for-stm32.12.3.rel1.win32_1.0.200.202406191623/tools/bin/../lib/gcc/arm-none-eabi/12.3.1/../../../../arm-none-eabi/lib/thumb/v7e-m/nofp\libc_nano.a(libc_a-mlock.o)
                              C:/ST/STM32CubeIDE_1.16.1/STM32CubeIDE/plugins/com.st.stm32cube.ide.mcu.externaltools.gnu-tools-for-stm32.12.3.rel1.win32_1.0.200.202406191623/tools/bin/../lib/gcc/arm-none-eabi/12.3.1/../../../../arm-none-eabi/lib/thumb/v7e-m/nofp\libc_nano.a(libc_a-mallocr.o) (__malloc_lock)
C:/ST/STM32CubeIDE_1.16.1/STM32CubeIDE/plugins/com.st.stm32cube.ide.mcu.externaltools.gnu-tools-for-stm32.12.3.rel1.win32_1.0.200.202406191623/tools/bin/../lib/gcc/arm-none-eabi/12.3.1/../../../../arm-none-eabi/lib/thumb/v7e-m/nofp\libc_nano.a(libc_a-findfp.o)
                              C:/ST/STM32CubeIDE_1.16.1/STM32CubeIDE/plugins/com.st.stm32cube.ide.mcu.externaltools.gnu-tools-for-stm32.12.3.rel1.win32_1.0.200.202406191623/tools/bin/../lib/gcc/arm-none-eabi/12.3.1/../../../../arm-none-eabi/lib/thumb/v7e-m/nofp\libc_nano.a(libc_a-exit.o) (__stdio_exit_handler)
C:/ST/STM32CubeIDE_1.16.1/STM32CubeIDE/plugins/com.st.stm32cube.ide.mcu.externaltools.gnu-tools-for-stm32.12.3.rel1.win32_1.0.200.202406191623/tools/bin/../lib/gcc/arm-none-eabi/12.3.1/../../../../arm-none-eabi/lib/thumb/v7e-m/nofp\libc_nano.a(libc_a-fwalk.o)
                              C:/ST/STM32CubeIDE_1.16.1/STM32CubeIDE/plugins/com.st.stm32cube.ide.mcu.externaltools.gnu-tools-for-stm32.12.3.rel1.win32_1.0.200.202406191623/tools/bin/../lib/gcc/arm-none-eabi/12.3.1/../../../../arm-none-eabi/lib/thumb/v7e-m/nofp\libc_nano.a(libc_a-findfp.o) (_fwalk_sglue)
C:/ST/STM32CubeIDE_1.16.1/STM32CubeIDE/plugins/com.st.stm32cube.ide.mcu.externaltools.gnu-tools-for-stm32.12.3.rel1.win32_1.0.200.202406191623/tools/bin/../lib/gcc/arm-none-eabi/12.3.1/../../../../arm-none-eabi/lib/thumb/v7e-m/nofp\libc_nano.a(libc_a-printf.o)
                              ./Core/Src/aes.o (printf)
C:/ST/STM32CubeIDE_1.16.1/STM32CubeIDE/plugins/com.st.stm32cube.ide.mcu.externaltools.gnu-tools-for-stm32.12.3.rel1.win32_1.0.200.202406191623/tools/bin/../lib/gcc/arm-none-eabi/12.3.1/../../../../arm-none-eabi/lib/thumb/v7e-m/nofp\libc_nano.a(libc_a-putchar.o)
                              ./Core/Src/aes.o (putchar)
C:/ST/STM32CubeIDE_1.16.1/STM32CubeIDE/plugins/com.st.stm32cube.ide.mcu.externaltools.gnu-tools-for-stm32.12.3.rel1.win32_1.0.200.202406191623/tools/bin/../lib/gcc/arm-none-eabi/12.3.1/../../../../arm-none-eabi/lib/thumb/v7e-m/nofp\libc_nano.a(libc_a-puts.o)
                              ./Core/Src/main.o (puts)
C:/ST/STM32CubeIDE_1.16.1/STM32CubeIDE/plugins/com.st.stm32cube.ide.mcu.externaltools.gnu-tools-for-stm32.12.3.rel1.win32_1.0.200.202406191623/tools/bin/../lib/gcc/arm-none-eabi/12.3.1/../../../../arm-none-eabi/lib/thumb/v7e-m/nofp\libc_nano.a(libc_a-stdio.o)
                              C:/ST/STM32CubeIDE_1.16.1/STM32CubeIDE/plugins/com.st.stm32cube.ide.mcu.externaltools.gnu-tools-for-stm32.12.3.rel1.win32_1.0.200.202406191623/tools/bin/../lib/gcc/arm-none-eabi/12.3.1/../../../../arm-none-eabi/lib/thumb/v7e-m/nofp\libc_nano.a(libc_a-findfp.o) (__sread)
C:/ST/STM32CubeIDE_1.16.1/STM32CubeIDE/plugins/com.st.stm32cube.ide.mcu.externaltools.gnu-tools-for-stm32.12.3.rel1.win32_1.0.200.202406191623/tools/bin/../lib/gcc/arm-none-eabi/12.3.1/../../../../arm-none-eabi/lib/thumb/v7e-m/nofp\libc_nano.a(libc_a-wbuf.o)
[...]
Memory Configuration

Name             Origin             Length             Attributes
RAM              0x20000000         0x00008000         xrw
FLASH            0x08000000         0x00020000         xr
*default*        0x00000000         0xffffffff

Linker script and memory map

LOAD C:/ST/STM32CubeIDE_1.16.1/STM32CubeIDE/plugins/com.st.stm32cube.ide.mcu.externaltools.gnu-tools-for-stm32.12.3.rel1.win32_1.0.200.202406191623/tools/bin/../lib/gcc/arm-none-eabi/12.3.1/thumb/v7e-m/nofp/crti.o
LOAD C:/ST/STM32CubeIDE_1.16.1/STM32CubeIDE/plugins/com.st.stm32cube.ide.mcu.externaltools.gnu-tools-for-stm32.12.3.rel1.win32_1.0.200.202406191623/tools/bin/../lib/gcc/arm-none-eabi/12.3.1/thumb/v7e-m/nofp/crtbegin.o
LOAD C:/ST/STM32CubeIDE_1.16.1/STM32CubeIDE/plugins/com.st.stm32cube.ide.mcu.externaltools.gnu-tools-for-stm32.12.3.rel1.win32_1.0.200.202406191623/tools/bin/../lib/gcc/arm-none-eabi/12.3.1/../../../../arm-none-eabi/lib/thumb/v7e-m/nofp/crt0.o
LOAD ./Common/System/system_stm32wlxx.o
LOAD ./Core/Src/aes.o
LOAD ./Core/Src/main.o
LOAD ./Core/Src/stm32wlxx_hal_msp.o
LOAD ./Core/Src/stm32wlxx_it.o
LOAD ./Core/Src/syscalls.o
LOAD ./Core/Src/sysmem.o
LOAD ./Core/Startup/startup_stm32wl55jcix.o
LOAD ./Drivers/BSP/STM32WLxx_Nucleo/stm32wlxx_nucleo.o
LOAD ./Drivers/STM32WLxx_HAL_Driver/stm32wlxx_hal.o
LOAD ./Drivers/STM32WLxx_HAL_Driver/stm32wlxx_hal_cortex.o
LOAD ./Drivers/STM32WLxx_HAL_Driver/stm32wlxx_hal_dma.o
LOAD ./Drivers/STM32WLxx_HAL_Driver/stm32wlxx_hal_dma_ex.o
LOAD ./Drivers/STM32WLxx_HAL_Driver/stm32wlxx_hal_exti.o
LOAD ./Drivers/STM32WLxx_HAL_Driver/stm32wlxx_hal_flash.o
LOAD ./Drivers/STM32WLxx_HAL_Driver/stm32wlxx_hal_flash_ex.o
LOAD ./Drivers/STM32WLxx_HAL_Driver/stm32wlxx_hal_gpio.o
LOAD ./Drivers/STM32WLxx_HAL_Driver/stm32wlxx_hal_pwr.o
LOAD ./Drivers/STM32WLxx_HAL_Driver/stm32wlxx_hal_pwr_ex.o
LOAD ./Drivers/STM32WLxx_HAL_Driver/stm32wlxx_hal_rcc.o
LOAD ./Drivers/STM32WLxx_HAL_Driver/stm32wlxx_hal_rcc_ex.o
LOAD ./Drivers/STM32WLxx_HAL_Driver/stm32wlxx_hal_tim.o
LOAD ./Drivers/STM32WLxx_HAL_Driver/stm32wlxx_hal_tim_ex.o
LOAD ./Drivers/STM32WLxx_HAL_Driver/stm32wlxx_hal_uart.o
LOAD ./Drivers/STM32WLxx_HAL_Driver/stm32wlxx_hal_uart_ex.o
LOAD ./Drivers/STM32WLxx_HAL_Driver/stm32wlxx_hal_usart.o
LOAD ./Drivers/STM32WLxx_HAL_Driver/stm32wlxx_hal_usart_ex.o
START GROUP
LOAD C:/ST/STM32CubeIDE_1.16.1/STM32CubeIDE/plugins/com.st.stm32cube.ide.mcu.externaltools.gnu-tools-for-stm32.12.3.rel1.win32_1.0.200.202406191623/tools/bin/../lib/gcc/arm-none-eabi/12.3.1/../../../../arm-none-eabi/lib/thumb/v7e-m/nofp\libc_nano.a
LOAD C:/ST/STM32CubeIDE_1.16.1/STM32CubeIDE/plugins/com.st.stm32cube.ide.mcu.externaltools.gnu-tools-for-stm32.12.3.rel1.win32_1.0.200.202406191623/tools/bin/../lib/gcc/arm-none-eabi/12.3.1/../../../../arm-none-eabi/lib/thumb/v7e-m/nofp\libm.a
END GROUP
START GROUP
LOAD C:/ST/STM32CubeIDE_1.16.1/STM32CubeIDE/plugins/com.st.stm32cube.ide.mcu.externaltools.gnu-tools-for-stm32.12.3.rel1.win32_1.0.200.202406191623/tools/bin/../lib/gcc/arm-none-eabi/12.3.1/thumb/v7e-m/nofp\libgcc.a
LOAD C:/ST/STM32CubeIDE_1.16.1/STM32CubeIDE/plugins/com.st.stm32cube.ide.mcu.externaltools.gnu-tools-for-stm32.12.3.rel1.win32_1.0.200.202406191623/tools/bin/../lib/gcc/arm-none-eabi/12.3.1/../../../../arm-none-eabi/lib/thumb/v7e-m/nofp\libc_nano.a
END GROUP
START GROUP
LOAD C:/ST/STM32CubeIDE_1.16.1/STM32CubeIDE/plugins/com.st.stm32cube.ide.mcu.externaltools.gnu-tools-for-stm32.12.3.rel1.win32_1.0.200.202406191623/tools/bin/../lib/gcc/arm-none-eabi/12.3.1/thumb/v7e-m/nofp\libgcc.a
LOAD C:/ST/STM32CubeIDE_1.16.1/STM32CubeIDE/plugins/com.st.stm32cube.ide.mcu.externaltools.gnu-tools-for-stm32.12.3.rel1.win32_1.0.200.202406191623/tools/bin/../lib/gcc/arm-none-eabi/12.3.1/../../../../arm-none-eabi/lib/thumb/v7e-m/nofp\libc_nano.a
LOAD C:/ST/STM32CubeIDE_1.16.1/STM32CubeIDE/plugins/com.st.stm32cube.ide.mcu.externaltools.gnu-tools-for-stm32.12.3.rel1.win32_1.0.200.202406191623/tools/bin/../lib/gcc/arm-none-eabi/12.3.1/../../../../arm-none-eabi/lib/thumb/v7e-m/nofp\libnosys.a
END GROUP
START GROUP
LOAD C:/ST/STM32CubeIDE_1.16.1/STM32CubeIDE/plugins/com.st.stm32cube.ide.mcu.externaltools.gnu-tools-for-stm32.12.3.rel1.win32_1.0.200.202406191623/tools/bin/../lib/gcc/arm-none-eabi/12.3.1/thumb/v7e-m/nofp\libgcc.a
LOAD C:/ST/STM32CubeIDE_1.16.1/STM32CubeIDE/plugins/com.st.stm32cube.ide.mcu.externaltools.gnu-tools-for-stm32.12.3.rel1.win32_1.0.200.202406191623/tools/bin/../lib/gcc/arm-none-eabi/12.3.1/../../../../arm-none-eabi/lib/thumb/v7e-m/nofp\libc_nano.a
LOAD C:/ST/STM32CubeIDE_1.16.1/STM32CubeIDE/plugins/com.st.stm32cube.ide.mcu.externaltools.gnu-tools-for-stm32.12.3.rel1.win32_1.0.200.202406191623/tools/bin/../lib/gcc/arm-none-eabi/12.3.1/../../../../arm-none-eabi/lib/thumb/v7e-m/nofp\libnosys.a
END GROUP
LOAD C:/ST/STM32CubeIDE_1.16.1/STM32CubeIDE/plugins/com.st.stm32cube.ide.mcu.externaltools.gnu-tools-for-stm32.12.3.rel1.win32_1.0.200.202406191623/tools/bin/../lib/gcc/arm-none-eabi/12.3.1/thumb/v7e-m/nofp/crtend.o
LOAD C:/ST/STM32CubeIDE_1.16.1/STM32CubeIDE/plugins/com.st.stm32cube.ide.mcu.externaltools.gnu-tools-for-stm32.12.3.rel1.win32_1.0.200.202406191623/tools/bin/../lib/gcc/arm-none-eabi/12.3.1/thumb/v7e-m/nofp/crtn.o
                0x20008000                        _estack = (ORIGIN (RAM) + LENGTH (RAM))
                0x00000200                        _Min_Heap_Size = 0x200
                0x00000400                        _Min_Stack_Size = 0x400

.isr_vector     0x08000000      0x138
                0x08000000                        . = ALIGN (0x4)
 *(.isr_vector)
 .isr_vector    0x08000000      0x138 ./Core/Startup/startup_stm32wl55jcix.o
                0x08000000                g_pfnVectors
                0x08000138                        . = ALIGN (0x4)

.text           0x08000140     0x4478
                0x08000140                        . = ALIGN (0x4)
 *(.text)
 .text          0x08000140       0x40 C:/ST/STM32CubeIDE_1.16.1/STM32CubeIDE/plugins/com.st.stm32cube.ide.mcu.externaltools.gnu-tools-for-stm32.12.3.rel1.win32_1.0.200.202406191623/tools/bin/../lib/gcc/arm-none-eabi/12.3.1/thumb/v7e-m/nofp/crtbegin.o
 .text          0x08000180       0x10 C:/ST/STM32CubeIDE_1.16.1/STM32CubeIDE/plugins/com.st.stm32cube.ide.mcu.externaltools.gnu-tools-for-stm32.12.3.rel1.win32_1.0.200.202406191623/tools/bin/../lib/gcc/arm-none-eabi/12.3.1/../../../../arm-none-eabi/lib/thumb/v7e-m/nofp\libc_nano.a(libc_a-strlen.o)
                0x08000180                strlen
 .text          0x08000190       0xa0 C:/ST/STM32CubeIDE_1.16.1/STM32CubeIDE/plugins/com.st.stm32cube.ide.mcu.externaltools.gnu-tools-for-stm32.12.3.rel1.win32_1.0.200.202406191623/tools/bin/../lib/gcc/arm-none-eabi/12.3.1/../../../../arm-none-eabi/lib/thumb/v7e-m/nofp\libc_nano.a(libc_a-memchr.o)
                0x08000190                memchr
 *(.text*)
 .text.SystemInit
                0x08000230        0xc ./Common/System/system_stm32wlxx.o
                0x08000230                SystemInit
 .text.KeyExpansion
                0x0800023c      0x1d0 ./Core/Src/aes.o
 .text.AddRoundKey
                0x0800040c       0x44 ./Core/Src/aes.o
 .text.SubBytes
                0x08000450       0x40 ./Core/Src/aes.o
 .text.ShiftRows
                0x08000490       0x9a ./Core/Src/aes.o
 .text.MixColumns
                0x0800052a      0x106 ./Core/Src/aes.o
 .text.AES_Init
                0x08000630       0x1c ./Core/Src/aes.o
                0x08000630                AES_Init
 .text.AES_Encrypt
                0x0800064c       0xae ./Core/Src/aes.o
                0x0800064c                AES_Encrypt
 .text.convertToAESBlocks
                0x080006fa       0x94 ./Core/Src/aes.o
                0x080006fa                convertToAESBlocks
 .text.LL_AHB2_GRP1_EnableClock
                0x0800078e       0x30 ./Core/Src/main.o
 *fill*         0x080007be        0x2 
 .text.main     0x080007c0      0x1c0 ./Core/Src/main.o
                0x080007c0                main
 .text.SystemClock_Config
                0x08000980       0xa8 ./Core/Src/main.o
                0x08000980                SystemClock_Config
 .text.MX_USART2_Init
                0x08000a28       0x98 ./Core/Src/main.o
 .text.MX_GPIO_Init
                0x08000ac0       0x14 ./Core/Src/main.o
 .text.Error_Handler
                0x08000ad4        0xc ./Core/Src/main.o
                0x08000ad4                Error_Handler
 .text._write   0x08000ae0       0x2c ./Core/Src/main.o
                0x08000ae0                _write
 .text.LL_AHB2_GRP1_EnableClock
                0x08000b0c       0x30 ./Core/Src/stm32wlxx_hal_msp.o
 .text.LL_APB1_GRP1_EnableClock
                0x08000b3c       0x30 ./Core/Src/stm32wlxx_hal_msp.o
 .text.HAL_MspInit
                0x08000b6c        0xc ./Core/Src/stm32wlxx_hal_msp.o
                0x08000b6c                HAL_MspInit
 .text.HAL_USART_MspInit
                0x08000b78       0x8c ./Core/Src/stm32wlxx_hal_msp.o
                0x08000b78                HAL_USART_MspInit
 .text.NMI_Handler
                0x08000c04        0x8 ./Core/Src/stm32wlxx_it.o
                0x08000c04                NMI_Handler
 .text.HardFault_Handler
                0x08000c0c        0x8 ./Core/Src/stm32wlxx_it.o
                0x08000c0c                HardFault_Handler
 .text.MemManage_Handler
                0x08000c14        0x8 ./Core/Src/stm32wlxx_it.o
                0x08000c14                MemManage_Handler
 .text.BusFault_Handler
                0x08000c1c        0x8 ./Core/Src/stm32wlxx_it.o
                0x08000c1c                BusFault_Handler
 .text.UsageFault_Handler
                0x08000c24        0x8 ./Core/Src/stm32wlxx_it.o
                0x08000c24                UsageFault_Handler
 .text.SVC_Handler
                0x08000c2c        0xc ./Core/Src/stm32wlxx_it.o
                0x08000c2c                SVC_Handler
 .text.DebugMon_Handler
                0x08000c38        0xc ./Core/Src/stm32wlxx_it.o
                0x08000c38                DebugMon_Handler
 .text.PendSV_Handler
                0x08000c44        0xc ./Core/Src/stm32wlxx_it.o
                0x08000c44                PendSV_Handler
 .text.SysTick_Handler
                0x08000c50        0xc ./Core/Src/stm32wlxx_it.o
                0x08000c50                SysTick_Handler
 .text.EXTI0_IRQHandler
                0x08000c5c        0xe ./Core/Src/stm32wlxx_it.o
                0x08000c5c                EXTI0_IRQHandler
 .text.EXTI1_IRQHandler
                0x08000c6a        0xe ./Core/Src/stm32wlxx_it.o
                0x08000c6a                EXTI1_IRQHandler
 .text.EXTI9_5_IRQHandler
                0x08000c78        0xe ./Core/Src/stm32wlxx_it.o
                0x08000c78                EXTI9_5_IRQHandler
 .text._read    0x08000c86       0x3a ./Core/Src/syscalls.o
                0x08000c86                _read
 .text._close   0x08000cc0       0x16 ./Core/Src/syscalls.o
                0x08000cc0                _close
 .text._fstat   0x08000cd6       0x1e ./Core/Src/syscalls.o
                0x08000cd6                _fstat
 .text._isatty  0x08000cf4       0x14 ./Core/Src/syscalls.o
                0x08000cf4                _isatty
 .text._lseek   0x08000d08       0x18 ./Core/Src/syscalls.o
                0x08000d08                _lseek
 .text._sbrk    0x08000d20       0x6c ./Core/Src/sysmem.o
                0x08000d20                _sbrk
 .text.Reset_Handler
                0x08000d8c       0x50 ./Core/Startup/startup_stm32wl55jcix.o
                0x08000d8c                Reset_Handler
 .text.Default_Handler
                0x08000ddc        0x2 ./Core/Startup/startup_stm32wl55jcix.o
                0x08000ddc                RTC_Alarm_IRQHandler
                0x08000ddc                EXTI2_IRQHandler
                0x08000ddc                TIM1_CC_IRQHandler
                0x08000ddc                EXTI3_IRQHandler
                0x08000ddc                LPTIM2_IRQHandler
                0x08000ddc                I2C3_ER_IRQHandler
                0x08000ddc                LPTIM3_IRQHandler
                0x08000ddc                I2C2_EV_IRQHandler
                0x08000ddc                TAMP_STAMP_LSECSS_SSRU_IRQHandler
                0x08000ddc                SPI1_IRQHandler
                0x08000ddc                DMA2_Channel2_IRQHandler
                0x08000ddc                DMA1_Channel4_IRQHandler
                0x08000ddc                PKA_IRQHandler
                0x08000ddc                TIM17_IRQHandler
                0x08000ddc                DMA1_Channel7_IRQHandler
                0x08000ddc                SUBGHZSPI_IRQHandler
                0x08000ddc                IPCC_C1_TX_IRQHandler
                0x08000ddc                DMA2_Channel1_IRQHandler
                0x08000ddc                I2C1_EV_IRQHandler
                0x08000ddc                SUBGHZ_Radio_IRQHandler
                0x08000ddc                DMAMUX1_OVR_IRQHandler
                0x08000ddc                DMA1_Channel6_IRQHandler
                0x08000ddc                TIM16_IRQHandler
                0x08000ddc                DMA2_Channel4_IRQHandler
                0x08000ddc                RCC_IRQHandler
                0x08000ddc                TIM1_TRG_COM_IRQHandler
                0x08000ddc                DMA1_Channel1_IRQHandler
                0x08000ddc                Default_Handler
                0x08000ddc                DMA2_Channel7_IRQHandler
                0x08000ddc                EXTI15_10_IRQHandler
                0x08000ddc                IPCC_C1_RX_IRQHandler
                0x08000ddc                ADC_IRQHandler
                0x08000ddc                C2SEV_PWR_C2H_IRQHandler
                0x08000ddc                I2C3_EV_IRQHandler
                0x08000ddc                RTC_WKUP_IRQHandler
                0x08000ddc                PVD_PVM_IRQHandler
                0x08000ddc                SPI2_IRQHandler
                0x08000ddc                DMA2_Channel5_IRQHandler
                0x08000ddc                DMA1_Channel5_IRQHandler
                0x08000ddc                EXTI4_IRQHandler
                0x08000ddc                RNG_IRQHandler
                0x08000ddc                DMA1_Channel3_IRQHandler
                0x08000ddc                COMP_IRQHandler
                0x08000ddc                HSEM_IRQHandler
                0x08000ddc                TIM1_UP_IRQHandler
                0x08000ddc                WWDG_IRQHandler
                0x08000ddc                LPUART1_IRQHandler
                0x08000ddc                DMA2_Channel6_IRQHandler
                0x08000ddc                TIM2_IRQHandler
                0x08000ddc                TIM1_BRK_IRQHandler
                0x08000ddc                DAC_IRQHandler
                0x08000ddc                AES_IRQHandler
                0x08000ddc                USART2_IRQHandler
                0x08000ddc                I2C2_ER_IRQHandler
                0x08000ddc                DMA1_Channel2_IRQHandler
                0x08000ddc                FLASH_IRQHandler
                0x08000ddc                USART1_IRQHandler
                0x08000ddc                I2C1_ER_IRQHandler
                0x08000ddc                LPTIM1_IRQHandler
                0x08000ddc                DMA2_Channel3_IRQHandler
 *fill*         0x08000dde        0x2 
 .text.BSP_PB_IRQHandler
                0x08000de0       0x24 ./Drivers/BSP/STM32WLxx_Nucleo/stm32wlxx_nucleo.o
                0x08000de0                BSP_PB_IRQHandler
 .text.HAL_Init
                0x08000e04       0x40 ./Drivers/STM32WLxx_HAL_Driver/stm32wlxx_hal.o
                0x08000e04                HAL_Init
 .text.HAL_InitTick
                0x08000e44       0x74 ./Drivers/STM32WLxx_HAL_Driver/stm32wlxx_hal.o
                0x08000e44                HAL_InitTick
 .text.HAL_IncTick
                0x08000eb8       0x24 ./Drivers/STM32WLxx_HAL_Driver/stm32wlxx_hal.o
                0x08000eb8                HAL_IncTick
 .text.HAL_GetTick
                0x08000edc       0x14 ./Drivers/STM32WLxx_HAL_Driver/stm32wlxx_hal.o
                0x08000edc                HAL_GetTick
 .text.__NVIC_SetPriorityGrouping
                0x08000ef0       0x48 ./Drivers/STM32WLxx_HAL_Driver/stm32wlxx_hal_cortex.o
 .text.__NVIC_GetPriorityGrouping
                0x08000f38       0x1c ./Drivers/STM32WLxx_HAL_Driver/stm32wlxx_hal_cortex.o
 .text.__NVIC_SetPriority
                0x08000f54       0x54 ./Drivers/STM32WLxx_HAL_Driver/stm32wlxx_hal_cortex.o
 .text.NVIC_EncodePriority
                0x08000fa8       0x64 ./Drivers/STM32WLxx_HAL_Driver/stm32wlxx_hal_cortex.o
 .text.SysTick_Config
                0x0800100c       0x44 ./Drivers/STM32WLxx_HAL_Driver/stm32wlxx_hal_cortex.o
 .text.HAL_NVIC_SetPriorityGrouping
                0x08001050       0x16 ./Drivers/STM32WLxx_HAL_Driver/stm32wlxx_hal_cortex.o
                0x08001050                HAL_NVIC_SetPriorityGrouping
 .text.HAL_NVIC_SetPriority
                0x08001066       0x34 ./Drivers/STM32WLxx_HAL_Driver/stm32wlxx_hal_cortex.o
                0x08001066                HAL_NVIC_SetPriority
 .text.HAL_SYSTICK_Config
                0x0800109a       0x18 ./Drivers/STM32WLxx_HAL_Driver/stm32wlxx_hal_cortex.o
                0x0800109a                HAL_SYSTICK_Config
 .text.HAL_EXTI_IRQHandler
                0x080010b2       0x5e ./Drivers/STM32WLxx_HAL_Driver/stm32wlxx_hal_exti.o
                0x080010b2                HAL_EXTI_IRQHandler
 .text.HAL_GPIO_Init
                0x08001110      0x2c0 ./Drivers/STM32WLxx_HAL_Driver/stm32wlxx_hal_gpio.o
                0x08001110                HAL_GPIO_Init
 .text.HAL_PWR_EnableBkUpAccess
                0x080013d0       0x1c ./Drivers/STM32WLxx_HAL_Driver/stm32wlxx_hal_pwr.o
                0x080013d0                HAL_PWR_EnableBkUpAccess
 .text.LL_PWR_EnableBootC2
                0x080013ec       0x1c ./Drivers/STM32WLxx_HAL_Driver/stm32wlxx_hal_pwr_ex.o
 .text.HAL_PWREx_GetVoltageRange
                0x08001408       0x18 ./Drivers/STM32WLxx_HAL_Driver/stm32wlxx_hal_pwr_ex.o
                0x08001408                HAL_PWREx_GetVoltageRange
 .text.HAL_PWREx_ReleaseCore
                0x08001420       0x14 ./Drivers/STM32WLxx_HAL_Driver/stm32wlxx_hal_pwr_ex.o
                0x08001420                HAL_PWREx_ReleaseCore
 .text.LL_PWR_IsEnabledBkUpAccess
                0x08001434       0x24 ./Drivers/STM32WLxx_HAL_Driver/stm32wlxx_hal_rcc.o
 .text.LL_RCC_HSE_EnableTcxo
                0x08001458       0x1c ./Drivers/STM32WLxx_HAL_Driver/stm32wlxx_hal_rcc.o
 .text.LL_RCC_HSE_DisableTcxo
                0x08001474       0x1c ./Drivers/STM32WLxx_HAL_Driver/stm32wlxx_hal_rcc.o
 .text.LL_RCC_HSE_IsEnabledDiv2
                0x08001490       0x22 ./Drivers/STM32WLxx_HAL_Driver/stm32wlxx_hal_rcc.o
 .text.LL_RCC_HSE_Enable
                0x080014b2       0x1c ./Drivers/STM32WLxx_HAL_Driver/stm32wlxx_hal_rcc.o
 .text.LL_RCC_HSE_Disable
                0x080014ce       0x1c ./Drivers/STM32WLxx_HAL_Driver/stm32wlxx_hal_rcc.o
 .text.LL_RCC_HSE_IsReady
                0x080014ea       0x22 ./Drivers/STM32WLxx_HAL_Driver/stm32wlxx_hal_rcc.o
 .text.LL_RCC_HSI_Enable
                0x0800150c       0x1c ./Drivers/STM32WLxx_HAL_Driver/stm32wlxx_hal_rcc.o
 .text.LL_RCC_HSI_Disable
                0x08001528       0x1c ./Drivers/STM32WLxx_HAL_Driver/stm32wlxx_hal_rcc.o
 .text.LL_RCC_HSI_IsReady
                0x08001544       0x22 ./Drivers/STM32WLxx_HAL_Driver/stm32wlxx_hal_rcc.o
 .text.LL_RCC_HSI_SetCalibTrimming
                0x08001566       0x28 ./Drivers/STM32WLxx_HAL_Driver/stm32wlxx_hal_rcc.o
 .text.LL_RCC_LSE_IsReady
                0x0800158e       0x22 ./Drivers/STM32WLxx_HAL_Driver/stm32wlxx_hal_rcc.o
 .text.LL_RCC_LSI_Enable
                0x080015b0       0x20 ./Drivers/STM32WLxx_HAL_Driver/stm32wlxx_hal_rcc.o
 .text.LL_RCC_LSI_Disable
                0x080015d0       0x20 ./Drivers/STM32WLxx_HAL_Driver/stm32wlxx_hal_rcc.o
 .text.LL_RCC_LSI_IsReady
                0x080015f0       0x22 ./Drivers/STM32WLxx_HAL_Driver/stm32wlxx_hal_rcc.o
 .text.LL_RCC_MSI_Enable
                0x08001612       0x1c ./Drivers/STM32WLxx_HAL_Driver/stm32wlxx_hal_rcc.o
 .text.LL_RCC_MSI_Disable
                0x0800162e       0x1c ./Drivers/STM32WLxx_HAL_Driver/stm32wlxx_hal_rcc.o
 .text.LL_RCC_MSI_IsReady
                0x0800164a       0x20 ./Drivers/STM32WLxx_HAL_Driver/stm32wlxx_hal_rcc.o
 .text.LL_RCC_MSI_IsEnabledRangeSelect
                0x0800166a       0x20 ./Drivers/STM32WLxx_HAL_Driver/stm32wlxx_hal_rcc.o
 .text.LL_RCC_MSI_GetRange
                0x0800168a       0x16 ./Drivers/STM32WLxx_HAL_Driver/stm32wlxx_hal_rcc.o
 .text.LL_RCC_MSI_GetRangeAfterStandby
                0x080016a0       0x18 ./Drivers/STM32WLxx_HAL_Driver/stm32wlxx_hal_rcc.o
 .text.LL_RCC_MSI_SetCalibTrimming
                0x080016b8       0x28 ./Drivers/STM32WLxx_HAL_Driver/stm32wlxx_hal_rcc.o
 .text.LL_RCC_SetSysClkSource
                0x080016e0       0x26 ./Drivers/STM32WLxx_HAL_Driver/stm32wlxx_hal_rcc.o
 .text.LL_RCC_GetSysClkSource
                0x08001706       0x16 ./Drivers/STM32WLxx_HAL_Driver/stm32wlxx_hal_rcc.o
 .text.LL_RCC_SetAHBPrescaler
                0x0800171c       0x26 ./Drivers/STM32WLxx_HAL_Driver/stm32wlxx_hal_rcc.o
 .text.LL_C2_RCC_SetAHBPrescaler
                0x08001742       0x2a ./Drivers/STM32WLxx_HAL_Driver/stm32wlxx_hal_rcc.o
 .text.LL_RCC_SetAHB3Prescaler
                0x0800176c       0x2c ./Drivers/STM32WLxx_HAL_Driver/stm32wlxx_hal_rcc.o
 .text.LL_RCC_SetAPB1Prescaler
                0x08001798       0x26 ./Drivers/STM32WLxx_HAL_Driver/stm32wlxx_hal_rcc.o
 .text.LL_RCC_SetAPB2Prescaler
                0x080017be       0x26 ./Drivers/STM32WLxx_HAL_Driver/stm32wlxx_hal_rcc.o
 .text.LL_RCC_GetAHBPrescaler
                0x080017e4       0x16 ./Drivers/STM32WLxx_HAL_Driver/stm32wlxx_hal_rcc.o
 .text.LL_RCC_GetAHB3Prescaler
                0x080017fa       0x1a ./Drivers/STM32WLxx_HAL_Driver/stm32wlxx_hal_rcc.o
 .text.LL_RCC_GetAPB1Prescaler
                0x08001814       0x16 ./Drivers/STM32WLxx_HAL_Driver/stm32wlxx_hal_rcc.o
 .text.LL_RCC_GetAPB2Prescaler
                0x0800182a       0x16 ./Drivers/STM32WLxx_HAL_Driver/stm32wlxx_hal_rcc.o
 .text.LL_RCC_PLL_Enable
                0x08001840       0x1c ./Drivers/STM32WLxx_HAL_Driver/stm32wlxx_hal_rcc.o
 .text.LL_RCC_PLL_Disable
                0x0800185c       0x1c ./Drivers/STM32WLxx_HAL_Driver/stm32wlxx_hal_rcc.o
 .text.LL_RCC_PLL_IsReady
                0x08001878       0x22 ./Drivers/STM32WLxx_HAL_Driver/stm32wlxx_hal_rcc.o
 .text.LL_RCC_PLL_GetN
                0x0800189a       0x18 ./Drivers/STM32WLxx_HAL_Driver/stm32wlxx_hal_rcc.o
 .text.LL_RCC_PLL_GetR
                0x080018b2       0x16 ./Drivers/STM32WLxx_HAL_Driver/stm32wlxx_hal_rcc.o
 .text.LL_RCC_PLL_GetDivider
                0x080018c8       0x16 ./Drivers/STM32WLxx_HAL_Driver/stm32wlxx_hal_rcc.o
 .text.LL_RCC_PLL_GetMainSource
                0x080018de       0x16 ./Drivers/STM32WLxx_HAL_Driver/stm32wlxx_hal_rcc.o
 .text.LL_RCC_IsActiveFlag_HPRE
                0x080018f4       0x22 ./Drivers/STM32WLxx_HAL_Driver/stm32wlxx_hal_rcc.o
 .text.LL_RCC_IsActiveFlag_C2HPRE
                0x08001916       0x24 ./Drivers/STM32WLxx_HAL_Driver/stm32wlxx_hal_rcc.o
 .text.LL_RCC_IsActiveFlag_SHDHPRE
                0x0800193a       0x24 ./Drivers/STM32WLxx_HAL_Driver/stm32wlxx_hal_rcc.o
 .text.LL_RCC_IsActiveFlag_PPRE1
                0x0800195e       0x22 ./Drivers/STM32WLxx_HAL_Driver/stm32wlxx_hal_rcc.o
 .text.LL_RCC_IsActiveFlag_PPRE2
                0x08001980       0x22 ./Drivers/STM32WLxx_HAL_Driver/stm32wlxx_hal_rcc.o
 *fill*         0x080019a2        0x2 
 .text.HAL_RCC_OscConfig
                0x080019a4      0x704 ./Drivers/STM32WLxx_HAL_Driver/stm32wlxx_hal_rcc.o
                0x080019a4                HAL_RCC_OscConfig
 .text.HAL_RCC_ClockConfig
                0x080020a8      0x284 ./Drivers/STM32WLxx_HAL_Driver/stm32wlxx_hal_rcc.o
                0x080020a8                HAL_RCC_ClockConfig
 .text.HAL_RCC_GetSysClockFreq
                0x0800232c      0x140 ./Drivers/STM32WLxx_HAL_Driver/stm32wlxx_hal_rcc.o
                0x0800232c                HAL_RCC_GetSysClockFreq
 .text.HAL_RCC_GetHCLKFreq
                0x0800246c       0x28 ./Drivers/STM32WLxx_HAL_Driver/stm32wlxx_hal_rcc.o
                0x0800246c                HAL_RCC_GetHCLKFreq
 .text.HAL_RCC_GetPCLK1Freq
                0x08002494       0x24 ./Drivers/STM32WLxx_HAL_Driver/stm32wlxx_hal_rcc.o
                0x08002494                HAL_RCC_GetPCLK1Freq
 .text.HAL_RCC_GetPCLK2Freq
                0x080024b8       0x24 ./Drivers/STM32WLxx_HAL_Driver/stm32wlxx_hal_rcc.o
                0x080024b8                HAL_RCC_GetPCLK2Freq
 .text.RCC_SetFlashLatencyFromMSIRange
                0x080024dc       0x60 ./Drivers/STM32WLxx_HAL_Driver/stm32wlxx_hal_rcc.o
 .text.RCC_SetFlashLatency
                0x0800253c      0x104 ./Drivers/STM32WLxx_HAL_Driver/stm32wlxx_hal_rcc.o
 .text.LL_RCC_LSE_IsReady
                0x08002640       0x22 ./Drivers/STM32WLxx_HAL_Driver/stm32wlxx_hal_rcc_ex.o
 .text.LL_RCC_SetUSARTClockSource
                0x08002662       0x30 ./Drivers/STM32WLxx_HAL_Driver/stm32wlxx_hal_rcc_ex.o
 .text.LL_RCC_SetI2SClockSource
                0x08002692       0x2a ./Drivers/STM32WLxx_HAL_Driver/stm32wlxx_hal_rcc_ex.o
 .text.LL_RCC_SetLPUARTClockSource
                0x080026bc       0x2a ./Drivers/STM32WLxx_HAL_Driver/stm32wlxx_hal_rcc_ex.o
 .text.LL_RCC_SetI2CClockSource
                0x080026e6       0x38 ./Drivers/STM32WLxx_HAL_Driver/stm32wlxx_hal_rcc_ex.o
 .text.LL_RCC_SetLPTIMClockSource
                0x0800271e       0x32 ./Drivers/STM32WLxx_HAL_Driver/stm32wlxx_hal_rcc_ex.o
 .text.LL_RCC_SetRNGClockSource
                0x08002750       0x2a ./Drivers/STM32WLxx_HAL_Driver/stm32wlxx_hal_rcc_ex.o
 .text.LL_RCC_SetADCClockSource
                0x0800277a       0x2a ./Drivers/STM32WLxx_HAL_Driver/stm32wlxx_hal_rcc_ex.o
 .text.LL_RCC_SetRTCClockSource
                0x080027a4       0x2a ./Drivers/STM32WLxx_HAL_Driver/stm32wlxx_hal_rcc_ex.o
 .text.LL_RCC_GetRTCClockSource
                0x080027ce       0x18 ./Drivers/STM32WLxx_HAL_Driver/stm32wlxx_hal_rcc_ex.o
 .text.LL_RCC_ForceBackupDomainReset
                0x080027e6       0x20 ./Drivers/STM32WLxx_HAL_Driver/stm32wlxx_hal_rcc_ex.o
 .text.LL_RCC_ReleaseBackupDomainReset
                0x08002806       0x20 ./Drivers/STM32WLxx_HAL_Driver/stm32wlxx_hal_rcc_ex.o
 *fill*         0x08002826        0x2 
 .text.HAL_RCCEx_PeriphCLKConfig
                0x08002828      0x234 ./Drivers/STM32WLxx_HAL_Driver/stm32wlxx_hal_rcc_ex.o
                0x08002828                HAL_RCCEx_PeriphCLKConfig
 .text.LL_RCC_GetUSARTClockSource
                0x08002a5c       0x24 ./Drivers/STM32WLxx_HAL_Driver/stm32wlxx_hal_usart.o
 .text.HAL_USART_Init
                0x08002a80       0xb4 ./Drivers/STM32WLxx_HAL_Driver/stm32wlxx_hal_usart.o
                0x08002a80                HAL_USART_Init
 .text.HAL_USART_Transmit
                0x08002b34      0x152 ./Drivers/STM32WLxx_HAL_Driver/stm32wlxx_hal_usart.o
                0x08002b34                HAL_USART_Transmit
 .text.HAL_USART_TxCpltCallback
                0x08002c86       0x12 ./Drivers/STM32WLxx_HAL_Driver/stm32wlxx_hal_usart.o
                0x08002c86                HAL_USART_TxCpltCallback
 .text.HAL_USART_TxHalfCpltCallback
                0x08002c98       0x12 ./Drivers/STM32WLxx_HAL_Driver/stm32wlxx_hal_usart.o
                0x08002c98                HAL_USART_TxHalfCpltCallback
 .text.HAL_USART_RxCpltCallback
                0x08002caa       0x12 ./Drivers/STM32WLxx_HAL_Driver/stm32wlxx_hal_usart.o
                0x08002caa                HAL_USART_RxCpltCallback
 .text.HAL_USART_RxHalfCpltCallback
                0x08002cbc       0x12 ./Drivers/STM32WLxx_HAL_Driver/stm32wlxx_hal_usart.o
                0x08002cbc                HAL_USART_RxHalfCpltCallback
 .text.HAL_USART_TxRxCpltCallback
                0x08002cce       0x12 ./Drivers/STM32WLxx_HAL_Driver/stm32wlxx_hal_usart.o
                0x08002cce                HAL_USART_TxRxCpltCallback
 .text.HAL_USART_ErrorCallback
                0x08002ce0       0x12 ./Drivers/STM32WLxx_HAL_Driver/stm32wlxx_hal_usart.o
                0x08002ce0                HAL_USART_ErrorCallback
 .text.HAL_USART_AbortCpltCallback
                0x08002cf2       0x12 ./Drivers/STM32WLxx_HAL_Driver/stm32wlxx_hal_usart.o
                0x08002cf2                HAL_USART_AbortCpltCallback
 .text.USART_InitCallbacksToDefault
                0x08002d04       0x70 ./Drivers/STM32WLxx_HAL_Driver/stm32wlxx_hal_usart.o
                0x08002d04                USART_InitCallbacksToDefault
 .text.USART_WaitOnFlagUntilTimeout
                0x08002d74       0x6c ./Drivers/STM32WLxx_HAL_Driver/stm32wlxx_hal_usart.o
 .text.USART_SetConfig
                0x08002de0      0x584 ./Drivers/STM32WLxx_HAL_Driver/stm32wlxx_hal_usart.o
 .text.USART_CheckIdleState
                0x08003364       0x86 ./Drivers/STM32WLxx_HAL_Driver/stm32wlxx_hal_usart.o
 .text.HAL_USARTEx_RxFifoFullCallback
                0x080033ea       0x12 ./Drivers/STM32WLxx_HAL_Driver/stm32wlxx_hal_usart_ex.o
                0x080033ea                HAL_USARTEx_RxFifoFullCallback
 .text.HAL_USARTEx_TxFifoEmptyCallback
                0x080033fc       0x12 ./Drivers/STM32WLxx_HAL_Driver/stm32wlxx_hal_usart_ex.o
                0x080033fc                HAL_USARTEx_TxFifoEmptyCallback
 .text.HAL_USARTEx_DisableFifoMode
                0x0800340e       0x70 ./Drivers/STM32WLxx_HAL_Driver/stm32wlxx_hal_usart_ex.o
                0x0800340e                HAL_USARTEx_DisableFifoMode
 .text.HAL_USARTEx_SetTxFifoThreshold
                0x0800347e       0x7c ./Drivers/STM32WLxx_HAL_Driver/stm32wlxx_hal_usart_ex.o
                0x0800347e                HAL_USARTEx_SetTxFifoThreshold
 .text.HAL_USARTEx_SetRxFifoThreshold
                0x080034fa       0x7c ./Drivers/STM32WLxx_HAL_Driver/stm32wlxx_hal_usart_ex.o
                0x080034fa                HAL_USARTEx_SetRxFifoThreshold
 *fill*         0x08003576        0x2 
 .text.USARTEx_SetNbDataToProcess
                0x08003578       0x90 ./Drivers/STM32WLxx_HAL_Driver/stm32wlxx_hal_usart_ex.o
 .text.malloc   0x08003608       0x10 C:/ST/STM32CubeIDE_1.16.1/STM32CubeIDE/plugins/com.st.stm32cube.ide.mcu.externaltools.gnu-tools-for-stm32.12.3.rel1.win32_1.0.200.202406191623/tools/bin/../lib/gcc/arm-none-eabi/12.3.1/../../../../arm-none-eabi/lib/thumb/v7e-m/nofp\libc_nano.a(libc_a-malloc.o)
                0x08003608                malloc
 .text.sbrk_aligned
                0x08003618       0x44 C:/ST/STM32CubeIDE_1.16.1/STM32CubeIDE/plugins/com.st.stm32cube.ide.mcu.externaltools.gnu-tools-for-stm32.12.3.rel1.win32_1.0.200.202406191623/tools/bin/../lib/gcc/arm-none-eabi/12.3.1/../../../../arm-none-eabi/lib/thumb/v7e-m/nofp\libc_nano.a(libc_a-mallocr.o)
 .text._malloc_r
                0x0800365c      0x100 C:/ST/STM32CubeIDE_1.16.1/STM32CubeIDE/plugins/com.st.stm32cube.ide.mcu.externaltools.gnu-tools-for-stm32.12.3.rel1.win32_1.0.200.202406191623/tools/bin/../lib/gcc/arm-none-eabi/12.3.1/../../../../arm-none-eabi/lib/thumb/v7e-m/nofp\libc_nano.a(libc_a-mallocr.o)
                0x0800365c                _malloc_r
 .text.__malloc_lock
                0x0800375c        0xc C:/ST/STM32CubeIDE_1.16.1/STM32CubeIDE/plugins/com.st.stm32cube.ide.mcu.externaltools.gnu-tools-for-stm32.12.3.rel1.win32_1.0.200.202406191623/tools/bin/../lib/gcc/arm-none-eabi/12.3.1/../../../../arm-none-eabi/lib/thumb/v7e-m/nofp\libc_nano.a(libc_a-mlock.o)
                0x0800375c                __malloc_lock
 .text.__malloc_unlock
                0x08003768        0xc C:/ST/STM32CubeIDE_1.16.1/STM32CubeIDE/plugins/com.st.stm32cube.ide.mcu.externaltools.gnu-tools-for-stm32.12.3.rel1.win32_1.0.200.202406191623/tools/bin/../lib/gcc/arm-none-eabi/12.3.1/../../../../arm-none-eabi/lib/thumb/v7e-m/nofp\libc_nano.a(libc_a-mlock.o)
                0x08003768                __malloc_unlock
 .text.std      0x08003774       0x6c C:/ST/STM32CubeIDE_1.16.1/STM32CubeIDE/plugins/com.st.stm32cube.ide.mcu.externaltools.gnu-tools-for-stm32.12.3.rel1.win32_1.0.200.202406191623/tools/bin/../lib/gcc/arm-none-eabi/12.3.1/../../../../arm-none-eabi/lib/thumb/v7e-m/nofp\libc_nano.a(libc_a-findfp.o)
 .text.stdio_exit_handler
                0x080037e0       0x18 C:/ST/STM32CubeIDE_1.16.1/STM32CubeIDE/plugins/com.st.stm32cube.ide.mcu.externaltools.gnu-tools-for-stm32.12.3.rel1.win32_1.0.200.202406191623/tools/bin/../lib/gcc/arm-none-eabi/12.3.1/../../../../arm-none-eabi/lib/thumb/v7e-m/nofp\libc_nano.a(libc_a-findfp.o)
 .text.cleanup_stdio
                0x080037f8       0x40 C:/ST/STM32CubeIDE_1.16.1/STM32CubeIDE/plugins/com.st.stm32cube.ide.mcu.externaltools.gnu-tools-for-stm32.12.3.rel1.win32_1.0.200.202406191623/tools/bin/../lib/gcc/arm-none-eabi/12.3.1/../../../../arm-none-eabi/lib/thumb/v7e-m/nofp\libc_nano.a(libc_a-findfp.o)
 .text.global_stdio_init.part.0
                0x08003838       0x3c C:/ST/STM32CubeIDE_1.16.1/STM32CubeIDE/plugins/com.st.stm32cube.ide.mcu.externaltools.gnu-tools-for-stm32.12.3.rel1.win32_1.0.200.202406191623/tools/bin/../lib/gcc/arm-none-eabi/12.3.1/../../../../arm-none-eabi/lib/thumb/v7e-m/nofp\libc_nano.a(libc_a-findfp.o)
 .text.__sfp_lock_acquire
                0x08003874        0xc C:/ST/STM32CubeIDE_1.16.1/STM32CubeIDE/plugins/com.st.stm32cube.ide.mcu.externaltools.gnu-tools-for-stm32.12.3.rel1.win32_1.0.200.202406191623/tools/bin/../lib/gcc/arm-none-eabi/12.3.1/../../../../arm-none-eabi/lib/thumb/v7e-m/nofp\libc_nano.a(libc_a-findfp.o)
                0x08003874                __sfp_lock_acquire
 .text.__sfp_lock_release
                0x08003880        0xc C:/ST/STM32CubeIDE_1.16.1/STM32CubeIDE/plugins/com.st.stm32cube.ide.mcu.externaltools.gnu-tools-for-stm32.12.3.rel1.win32_1.0.200.202406191623/tools/bin/../lib/gcc/arm-none-eabi/12.3.1/../../../../arm-none-eabi/lib/thumb/v7e-m/nofp\libc_nano.a(libc_a-findfp.o)
                0x08003880                __sfp_lock_release
 .text.__sinit  0x0800388c       0x30 C:/ST/STM32CubeIDE_1.16.1/STM32CubeIDE/plugins/com.st.stm32cube.ide.mcu.externaltools.gnu-tools-for-stm32.12.3.rel1.win32_1.0.200.202406191623/tools/bin/../lib/gcc/arm-none-eabi/12.3.1/../../../../arm-none-eabi/lib/thumb/v7e-m/nofp\libc_nano.a(libc_a-findfp.o)
                0x0800388c                __sinit
 .text._fwalk_sglue
                0x080038bc       0x3c C:/ST/STM32CubeIDE_1.16.1/STM32CubeIDE/plugins/com.st.stm32cube.ide.mcu.externaltools.gnu-tools-for-stm32.12.3.rel1.win32_1.0.200.202406191623/tools/bin/../lib/gcc/arm-none-eabi/12.3.1/../../../../arm-none-eabi/lib/thumb/v7e-m/nofp\libc_nano.a(libc_a-fwalk.o)
                0x080038bc                _fwalk_sglue
 .text.printf   0x080038f8       0x24 C:/ST/STM32CubeIDE_1.16.1/STM32CubeIDE/plugins/com.st.stm32cube.ide.mcu.externaltools.gnu-tools-for-stm32.12.3.rel1.win32_1.0.200.202406191623/tools/bin/../lib/gcc/arm-none-eabi/12.3.1/../../../../arm-none-eabi/lib/thumb/v7e-m/nofp\libc_nano.a(libc_a-printf.o)
                0x080038f8                iprintf
                0x080038f8                printf
 .text.putchar  0x0800391c       0x10 C:/ST/STM32CubeIDE_1.16.1/STM32CubeIDE/plugins/com.st.stm32cube.ide.mcu.externaltools.gnu-tools-for-stm32.12.3.rel1.win32_1.0.200.202406191623/tools/bin/../lib/gcc/arm-none-eabi/12.3.1/../../../../arm-none-eabi/lib/thumb/v7e-m/nofp\libc_nano.a(libc_a-putchar.o)
                0x0800391c                putchar
 .text._puts_r  0x0800392c       0xaa C:/ST/STM32CubeIDE_1.16.1/STM32CubeIDE/plugins/com.st.stm32cube.ide.mcu.externaltools.gnu-tools-for-stm32.12.3.rel1.win32_1.0.200.202406191623/tools/bin/../lib/gcc/arm-none-eabi/12.3.1/../../../../arm-none-eabi/lib/thumb/v7e-m/nofp\libc_nano.a(libc_a-puts.o)
                0x0800392c                _puts_r
 *fill*         0x080039d6        0x2 
 .text.puts     0x080039d8       0x10 C:/ST/STM32CubeIDE_1.16.1/STM32CubeIDE/plugins/com.st.stm32cube.ide.mcu.externaltools.gnu-tools-for-stm32.12.3.rel1.win32_1.0.200.202406191623/tools/bin/../lib/gcc/arm-none-eabi/12.3.1/../../../../arm-none-eabi/lib/thumb/v7e-m/nofp\libc_nano.a(libc_a-puts.o)
                0x080039d8                puts
 .text.__sread  0x080039e8       0x22 C:/ST/STM32CubeIDE_1.16.1/STM32CubeIDE/plugins/com.st.stm32cube.ide.mcu.externaltools.gnu-tools-for-stm32.12.3.rel1.win32_1.0.200.202406191623/tools/bin/../lib/gcc/arm-none-eabi/12.3.1/../../../../arm-none-eabi/lib/thumb/v7e-m/nofp\libc_nano.a(libc_a-stdio.o)
                0x080039e8                __sread
 .text.__swrite
                0x08003a0a       0x38 C:/ST/STM32CubeIDE_1.16.1/STM32CubeIDE/plugins/com.st.stm32cube.ide.mcu.externaltools.gnu-tools-for-stm32.12.3.rel1.win32_1.0.200.202406191623/tools/bin/../lib/gcc/arm-none-eabi/12.3.1/../../../../arm-none-eabi/lib/thumb/v7e-m/nofp\libc_nano.a(libc_a-stdio.o)
                0x08003a0a                __swrite
 .text.__sseek  0x08003a42       0x24 C:/ST/STM32CubeIDE_1.16.1/STM32CubeIDE/plugins/com.st.stm32cube.ide.mcu.externaltools.gnu-tools-for-stm32.12.3.rel1.win32_1.0.200.202406191623/tools/bin/../lib/gcc/arm-none-eabi/12.3.1/../../../../arm-none-eabi/lib/thumb/v7e-m/nofp\libc_nano.a(libc_a-stdio.o)
                0x08003a42                __sseek
 .text.__sclose
                0x08003a66        0x8 C:/ST/STM32CubeIDE_1.16.1/STM32CubeIDE/plugins/com.st.stm32cube.ide.mcu.externaltools.gnu-tools-for-stm32.12.3.rel1.win32_1.0.200.202406191623/tools/bin/../lib/gcc/arm-none-eabi/12.3.1/../../../../arm-none-eabi/lib/thumb/v7e-m/nofp\libc_nano.a(libc_a-stdio.o)
                0x08003a66                __sclose
 .text.__swbuf_r
                0x08003a6e       0x7c C:/ST/STM32CubeIDE_1.16.1/STM32CubeIDE/plugins/com.st.stm32cube.ide.mcu.externaltools.gnu-tools-for-stm32.12.3.rel1.win32_1.0.200.202406191623/tools/bin/../lib/gcc/arm-none-eabi/12.3.1/../../../../arm-none-eabi/lib/thumb/v7e-m/nofp\libc_nano.a(libc_a-wbuf.o)
                0x08003a6e                __swbuf_r
 *fill*         0x08003aea        0x2 
 .text.__swsetup_r
                0x08003aec       0xac C:/ST/STM32CubeIDE_1.16.1/STM32CubeIDE/plugins/com.st.stm32cube.ide.mcu.externaltools.gnu-tools-for-stm32.12.3.rel1.win32_1.0.200.202406191623/tools/bin/../lib/gcc/arm-none-eabi/12.3.1/../../../../arm-none-eabi/lib/thumb/v7e-m/nofp\libc_nano.a(libc_a-wsetup.o)
                0x08003aec                __swsetup_r
 .text.memset   0x08003b98       0x10 C:/ST/STM32CubeIDE_1.16.1/STM32CubeIDE/plugins/com.st.stm32cube.ide.mcu.externaltools.gnu-tools-for-stm32.12.3.rel1.win32_1.0.200.202406191623/tools/bin/../lib/gcc/arm-none-eabi/12.3.1/../../../../arm-none-eabi/lib/thumb/v7e-m/nofp\libc_nano.a(libc_a-memset.o)
                0x08003b98                memset
 .text._close_r
                0x08003ba8       0x20 C:/ST/STM32CubeIDE_1.16.1/STM32CubeIDE/plugins/com.st.stm32cube.ide.mcu.externaltools.gnu-tools-for-stm32.12.3.rel1.win32_1.0.200.202406191623/tools/bin/../lib/gcc/arm-none-eabi/12.3.1/../../../../arm-none-eabi/lib/thumb/v7e-m/nofp\libc_nano.a(libc_a-closer.o)
                0x08003ba8                _close_r
 .text._lseek_r
                0x08003bc8       0x24 C:/ST/STM32CubeIDE_1.16.1/STM32CubeIDE/plugins/com.st.stm32cube.ide.mcu.externaltools.gnu-tools-for-stm32.12.3.rel1.win32_1.0.200.202406191623/tools/bin/../lib/gcc/arm-none-eabi/12.3.1/../../../../arm-none-eabi/lib/thumb/v7e-m/nofp\libc_nano.a(libc_a-lseekr.o)
                0x08003bc8                _lseek_r
 .text._read_r  0x08003bec       0x24 C:/ST/STM32CubeIDE_1.16.1/STM32CubeIDE/plugins/com.st.stm32cube.ide.mcu.externaltools.gnu-tools-for-stm32.12.3.rel1.win32_1.0.200.202406191623/tools/bin/../lib/gcc/arm-none-eabi/12.3.1/../../../../arm-none-eabi/lib/thumb/v7e-m/nofp\libc_nano.a(libc_a-readr.o)
                0x08003bec                _read_r
 .text._sbrk_r  0x08003c10       0x20 C:/ST/STM32CubeIDE_1.16.1/STM32CubeIDE/plugins/com.st.stm32cube.ide.mcu.externaltools.gnu-tools-for-stm32.12.3.rel1.win32_1.0.200.202406191623/tools/bin/../lib/gcc/arm-none-eabi/12.3.1/../../../../arm-none-eabi/lib/thumb/v7e-m/nofp\libc_nano.a(libc_a-sbrkr.o)
                0x08003c10                _sbrk_r
 .text._write_r
                0x08003c30       0x24 C:/ST/STM32CubeIDE_1.16.1/STM32CubeIDE/plugins/com.st.stm32cube.ide.mcu.externaltools.gnu-tools-for-stm32.12.3.rel1.win32_1.0.200.202406191623/tools/bin/../lib/gcc/arm-none-eabi/12.3.1/../../../../arm-none-eabi/lib/thumb/v7e-m/nofp\libc_nano.a(libc_a-writer.o)
                0x08003c30                _write_r
 .text.__errno  0x08003c54        0xc C:/ST/STM32CubeIDE_1.16.1/STM32CubeIDE/plugins/com.st.stm32cube.ide.mcu.externaltools.gnu-tools-for-stm32.12.3.rel1.win32_1.0.200.202406191623/tools/bin/../lib/gcc/arm-none-eabi/12.3.1/../../../../arm-none-eabi/lib/thumb/v7e-m/nofp\libc_nano.a(libc_a-errno.o)
                0x08003c54                __errno
 .text.__libc_init_array
                0x08003c60       0x48 C:/ST/STM32CubeIDE_1.16.1/STM32CubeIDE/plugins/com.st.stm32cube.ide.mcu.externaltools.gnu-tools-for-stm32.12.3.rel1.win32_1.0.200.202406191623/tools/bin/../lib/gcc/arm-none-eabi/12.3.1/../../../../arm-none-eabi/lib/thumb/v7e-m/nofp\libc_nano.a(libc_a-init.o)
                0x08003c60                __libc_init_array
 .text.__retarget_lock_init_recursive
                0x08003ca8        0x2 C:/ST/STM32CubeIDE_1.16.1/STM32CubeIDE/plugins/com.st.stm32cube.ide.mcu.externaltools.gnu-tools-for-stm32.12.3.rel1.win32_1.0.200.202406191623/tools/bin/../lib/gcc/arm-none-eabi/12.3.1/../../../../arm-none-eabi/lib/thumb/v7e-m/nofp\libc_nano.a(libc_a-lock.o)
                0x08003ca8                __retarget_lock_init_recursive
 .text.__retarget_lock_acquire_recursive
                0x08003caa        0x2 C:/ST/STM32CubeIDE_1.16.1/STM32CubeIDE/plugins/com.st.stm32cube.ide.mcu.externaltools.gnu-tools-for-stm32.12.3.rel1.win32_1.0.200.202406191623/tools/bin/../lib/gcc/arm-none-eabi/12.3.1/../../../../arm-none-eabi/lib/thumb/v7e-m/nofp\libc_nano.a(libc_a-lock.o)
                0x08003caa                __retarget_lock_acquire_recursive
 .text.__retarget_lock_release_recursive
                0x08003cac        0x2 C:/ST/STM32CubeIDE_1.16.1/STM32CubeIDE/plugins/com.st.stm32cube.ide.mcu.externaltools.gnu-tools-for-stm32.12.3.rel1.win32_1.0.200.202406191623/tools/bin/../lib/gcc/arm-none-eabi/12.3.1/../../../../arm-none-eabi/lib/thumb/v7e-m/nofp\libc_nano.a(libc_a-lock.o)
                0x08003cac                __retarget_lock_release_recursive
 *fill*         0x08003cae        0x2 
 .text._free_r  0x08003cb0       0x94 C:/ST/STM32CubeIDE_1.16.1/STM32CubeIDE/plugins/com.st.stm32cube.ide.mcu.externaltools.gnu-tools-for-stm32.12.3.rel1.win32_1.0.200.202406191623/tools/bin/../lib/gcc/arm-none-eabi/12.3.1/../../../../arm-none-eabi/lib/thumb/v7e-m/nofp\libc_nano.a(libc_a-freer.o)
                0x08003cb0                _free_r
 .text.__sfputc_r
                0x08003d44       0x2a C:/ST/STM32CubeIDE_1.16.1/STM32CubeIDE/plugins/com.st.stm32cube.ide.mcu.externaltools.gnu-tools-for-stm32.12.3.rel1.win32_1.0.200.202406191623/tools/bin/../lib/gcc/arm-none-eabi/12.3.1/../../../../arm-none-eabi/lib/thumb/v7e-m/nofp\libc_nano.a(libc_a-nano-vfprintf.o)
 .text.__sfputs_r
                0x08003d6e       0x24 C:/ST/STM32CubeIDE_1.16.1/STM32CubeIDE/plugins/com.st.stm32cube.ide.mcu.externaltools.gnu-tools-for-stm32.12.3.rel1.win32_1.0.200.202406191623/tools/bin/../lib/gcc/arm-none-eabi/12.3.1/../../../../arm-none-eabi/lib/thumb/v7e-m/nofp\libc_nano.a(libc_a-nano-vfprintf.o)
                0x08003d6e                __sfputs_r
 *fill*         0x08003d92        0x2 
 .text._vfprintf_r
                0x08003d94      0x230 C:/ST/STM32CubeIDE_1.16.1/STM32CubeIDE/plugins/com.st.stm32cube.ide.mcu.externaltools.gnu-tools-for-stm32.12.3.rel1.win32_1.0.200.202406191623/tools/bin/../lib/gcc/arm-none-eabi/12.3.1/../../../../arm-none-eabi/lib/thumb/v7e-m/nofp\libc_nano.a(libc_a-nano-vfprintf.o)
                0x08003d94                _vfprintf_r
                0x08003d94                _vfiprintf_r
 .text._printf_common
                0x08003fc4       0xda C:/ST/STM32CubeIDE_1.16.1/STM32CubeIDE/plugins/com.st.stm32cube.ide.mcu.externaltools.gnu-tools-for-stm32.12.3.rel1.win32_1.0.200.202406191623/tools/bin/../lib/gcc/arm-none-eabi/12.3.1/../../../../arm-none-eabi/lib/thumb/v7e-m/nofp\libc_nano.a(libc_a-nano-vfprintf_i.o)
                0x08003fc4                _printf_common
 *fill*         0x0800409e        0x2 
 .text._printf_i
                0x080040a0      0x240 C:/ST/STM32CubeIDE_1.16.1/STM32CubeIDE/plugins/com.st.stm32cube.ide.mcu.externaltools.gnu-tools-for-stm32.12.3.rel1.win32_1.0.200.202406191623/tools/bin/../lib/gcc/arm-none-eabi/12.3.1/../../../../arm-none-eabi/lib/thumb/v7e-m/nofp\libc_nano.a(libc_a-nano-vfprintf_i.o)
                0x080040a0                _printf_i
 .text.__sflush_r
                0x080042e0      0x100 C:/ST/STM32CubeIDE_1.16.1/STM32CubeIDE/plugins/com.st.stm32cube.ide.mcu.externaltools.gnu-tools-for-stm32.12.3.rel1.win32_1.0.200.202406191623/tools/bin/../lib/gcc/arm-none-eabi/12.3.1/../../../../arm-none-eabi/lib/thumb/v7e-m/nofp\libc_nano.a(libc_a-fflush.o)
                0x080042e0                __sflush_r
 .text._fflush_r
                0x080043e0       0x50 C:/ST/STM32CubeIDE_1.16.1/STM32CubeIDE/plugins/com.st.stm32cube.ide.mcu.externaltools.gnu-tools-for-stm32.12.3.rel1.win32_1.0.200.202406191623/tools/bin/../lib/gcc/arm-none-eabi/12.3.1/../../../../arm-none-eabi/lib/thumb/v7e-m/nofp\libc_nano.a(libc_a-fflush.o)
                0x080043e0                _fflush_r
 .text.__swhatbuf_r
                0x08004430       0x4c C:/ST/STM32CubeIDE_1.16.1/STM32CubeIDE/plugins/com.st.stm32cube.ide.mcu.externaltools.gnu-tools-for-stm32.12.3.rel1.win32_1.0.200.202406191623/tools/bin/../lib/gcc/arm-none-eabi/12.3.1/../../../../arm-none-eabi/lib/thumb/v7e-m/nofp\libc_nano.a(libc_a-makebuf.o)
                0x08004430                __swhatbuf_r
 .text.__smakebuf_r
                0x0800447c       0x78 C:/ST/STM32CubeIDE_1.16.1/STM32CubeIDE/plugins/com.st.stm32cube.ide.mcu.externaltools.gnu-tools-for-stm32.12.3.rel1.win32_1.0.200.202406191623/tools/bin/../lib/gcc/arm-none-eabi/12.3.1/../../../../arm-none-eabi/lib/thumb/v7e-m/nofp\libc_nano.a(libc_a-makebuf.o)
                0x0800447c                __smakebuf_r
 .text._putc_r  0x080044f4       0x68 C:/ST/STM32CubeIDE_1.16.1/STM32CubeIDE/plugins/com.st.stm32cube.ide.mcu.externaltools.gnu-tools-for-stm32.12.3.rel1.win32_1.0.200.202406191623/tools/bin/../lib/gcc/arm-none-eabi/12.3.1/../../../../arm-none-eabi/lib/thumb/v7e-m/nofp\libc_nano.a(libc_a-putc.o)
                0x080044f4                _putc_r
 .text._fstat_r
                0x0800455c       0x24 C:/ST/STM32CubeIDE_1.16.1/STM32CubeIDE/plugins/com.st.stm32cube.ide.mcu.externaltools.gnu-tools-for-stm32.12.3.rel1.win32_1.0.200.202406191623/tools/bin/../lib/gcc/arm-none-eabi/12.3.1/../../../../arm-none-eabi/lib/thumb/v7e-m/nofp\libc_nano.a(libc_a-fstatr.o)
                0x0800455c                _fstat_r
 .text._isatty_r
                0x08004580       0x20 C:/ST/STM32CubeIDE_1.16.1/STM32CubeIDE/plugins/com.st.stm32cube.ide.mcu.externaltools.gnu-tools-for-stm32.12.3.rel1.win32_1.0.200.202406191623/tools/bin/../lib/gcc/arm-none-eabi/12.3.1/../../../../arm-none-eabi/lib/thumb/v7e-m/nofp\libc_nano.a(libc_a-isattyr.o)
                0x08004580                _isatty_r
 *(.glue_7)
 .glue_7        0x080045a0        0x0 linker stubs
 *(.glue_7t)
 .glue_7t       0x080045a0        0x0 linker stubs
 *(.eh_frame)
 .eh_frame      0x080045a0        0x0 C:/ST/STM32CubeIDE_1.16.1/STM32CubeIDE/plugins/com.st.stm32cube.ide.mcu.externaltools.gnu-tools-for-stm32.12.3.rel1.win32_1.0.200.202406191623/tools/bin/../lib/gcc/arm-none-eabi/12.3.1/thumb/v7e-m/nofp/crtbegin.o
 *(.init)
 .init          0x080045a0        0x4 C:/ST/STM32CubeIDE_1.16.1/STM32CubeIDE/plugins/com.st.stm32cube.ide.mcu.externaltools.gnu-tools-for-stm32.12.3.rel1.win32_1.0.200.202406191623/tools/bin/../lib/gcc/arm-none-eabi/12.3.1/thumb/v7e-m/nofp/crti.o
                0x080045a0                _init
 .init          0x080045a4        0x8 C:/ST/STM32CubeIDE_1.16.1/STM32CubeIDE/plugins/com.st.stm32cube.ide.mcu.externaltools.gnu-tools-for-stm32.12.3.rel1.win32_1.0.200.202406191623/tools/bin/../lib/gcc/arm-none-eabi/12.3.1/thumb/v7e-m/nofp/crtn.o
 *(.fini)
 .fini          0x080045ac        0x4 C:/ST/STM32CubeIDE_1.16.1/STM32CubeIDE/plugins/com.st.stm32cube.ide.mcu.externaltools.gnu-tools-for-stm32.12.3.rel1.win32_1.0.200.202406191623/tools/bin/../lib/gcc/arm-none-eabi/12.3.1/thumb/v7e-m/nofp/crti.o
                0x080045ac                _fini
 .fini          0x080045b0        0x8 C:/ST/STM32CubeIDE_1.16.1/STM32CubeIDE/plugins/com.st.stm32cube.ide.mcu.externaltools.gnu-tools-for-stm32.12.3.rel1.win32_1.0.200.202406191623/tools/bin/../lib/gcc/arm-none-eabi/12.3.1/thumb/v7e-m/nofp/crtn.o
                0x080045b8                        . = ALIGN (0x4)
                0x080045b8                        _etext = .

.vfp11_veneer   0x080045b8        0x0
 .vfp11_veneer  0x080045b8        0x0 linker stubs

.v4_bx          0x080045b8        0x0
 .v4_bx         0x080045b8        0x0 linker stubs

.iplt           0x080045b8        0x0
 .iplt          0x080045b8        0x0 C:/ST/STM32CubeIDE_1.16.1/STM32CubeIDE/plugins/com.st.stm32cube.ide.mcu.externaltools.gnu-tools-for-stm32.12.3.rel1.win32_1.0.200.202406191623/tools/bin/../lib/gcc/arm-none-eabi/12.3.1/thumb/v7e-m/nofp/crtbegin.o

.rodata         0x080045b8      0x450
                0x080045b8                        . = ALIGN (0x4)
 *(.rodata)
 .rodata        0x080045b8      0x244 ./Core/Src/main.o
 .rodata        0x080047fc       0x1c ./Drivers/STM32WLxx_HAL_Driver/stm32wlxx_hal_rcc.o
 *(.rodata*)
 .rodata.AHBPrescTable
                0x08004818       0x40 ./Common/System/system_stm32wlxx.o
                0x08004818                AHBPrescTable
 .rodata.APBPrescTable
                0x08004858       0x20 ./Common/System/system_stm32wlxx.o
                0x08004858                APBPrescTable
 .rodata.MSIRangeTable
                0x08004878       0x40 ./Common/System/system_stm32wlxx.o
                0x08004878                MSIRangeTable
 .rodata.sbox   0x080048b8      0x100 ./Core/Src/aes.o
 .rodata.Rcon   0x080049b8        0xb ./Core/Src/aes.o
 *fill*         0x080049c3        0x1 
 .rodata.numerator.1
                0x080049c4        0x8 ./Drivers/STM32WLxx_HAL_Driver/stm32wlxx_hal_usart_ex.o
 .rodata.denominator.0
                0x080049cc        0x8 ./Drivers/STM32WLxx_HAL_Driver/stm32wlxx_hal_usart_ex.o
 .rodata._vfprintf_r.str1.1
                0x080049d4       0x11 C:/ST/STM32CubeIDE_1.16.1/STM32CubeIDE/plugins/com.st.stm32cube.ide.mcu.externaltools.gnu-tools-for-stm32.12.3.rel1.win32_1.0.200.202406191623/tools/bin/../lib/gcc/arm-none-eabi/12.3.1/../../../../arm-none-eabi/lib/thumb/v7e-m/nofp\libc_nano.a(libc_a-nano-vfprintf.o)
 .rodata._printf_i.str1.1
                0x080049e5       0x22 C:/ST/STM32CubeIDE_1.16.1/STM32CubeIDE/plugins/com.st.stm32cube.ide.mcu.externaltools.gnu-tools-for-stm32.12.3.rel1.win32_1.0.200.202406191623/tools/bin/../lib/gcc/arm-none-eabi/12.3.1/../../../../arm-none-eabi/lib/thumb/v7e-m/nofp\libc_nano.a(libc_a-nano-vfprintf_i.o)
                0x08004a08                        . = ALIGN (0x4)
 *fill*         0x08004a07        0x1 

.ARM.extab      0x08004a08        0x0
                0x08004a08                        . = ALIGN (0x4)
 *(.ARM.extab* .gnu.linkonce.armextab.*)
                0x08004a08                        . = ALIGN (0x4)

.ARM            0x08004a08        0x8
                0x08004a08                        . = ALIGN (0x4)
                0x08004a08                        __exidx_start = .
 *(.ARM.exidx*)
 .ARM.exidx     0x08004a08        0x8 C:/ST/STM32CubeIDE_1.16.1/STM32CubeIDE/plugins/com.st.stm32cube.ide.mcu.externaltools.gnu-tools-for-stm32.12.3.rel1.win32_1.0.200.202406191623/tools/bin/../lib/gcc/arm-none-eabi/12.3.1/../../../../arm-none-eabi/lib/thumb/v7e-m/nofp\libc_nano.a(libc_a-strlen.o)
 .ARM.exidx     0x08004a10        0x0 C:/ST/STM32CubeIDE_1.16.1/STM32CubeIDE/plugins/com.st.stm32cube.ide.mcu.externaltools.gnu-tools-for-stm32.12.3.rel1.win32_1.0.200.202406191623/tools/bin/../lib/gcc/arm-none-eabi/12.3.1/../../../../arm-none-eabi/lib/thumb/v7e-m/nofp\libc_nano.a(libc_a-memchr.o)
                                  0x8 (size before relaxing)
                0x08004a10                        __exidx_end = .
                0x08004a10                        . = ALIGN (0x4)

.preinit_array  0x08004a10        0x0
                0x08004a10                        . = ALIGN (0x4)
                0x08004a10                        PROVIDE (__preinit_array_start = .)
 *(.preinit_array*)
                0x08004a10                        PROVIDE (__preinit_array_end = .)
                0x08004a10                        . = ALIGN (0x4)

.init_array     0x08004a10        0x4
                0x08004a10                        . = ALIGN (0x4)
                0x08004a10                        PROVIDE (__init_array_start = .)
 *(SORT_BY_NAME(.init_array.*))
 *(.init_array*)
 .init_array    0x08004a10        0x4 C:/ST/STM32CubeIDE_1.16.1/STM32CubeIDE/plugins/com.st.stm32cube.ide.mcu.externaltools.gnu-tools-for-stm32.12.3.rel1.win32_1.0.200.202406191623/tools/bin/../lib/gcc/arm-none-eabi/12.3.1/thumb/v7e-m/nofp/crtbegin.o
                0x08004a14                        PROVIDE (__init_array_end = .)
                0x08004a14                        . = ALIGN (0x4)

.fini_array     0x08004a14        0x4
                0x08004a14                        . = ALIGN (0x4)
                [!provide]                        PROVIDE (__fini_array_start = .)
 *(SORT_BY_NAME(.fini_array.*))
 *(.fini_array*)
 .fini_array    0x08004a14        0x4 C:/ST/STM32CubeIDE_1.16.1/STM32CubeIDE/plugins/com.st.stm32cube.ide.mcu.externaltools.gnu-tools-for-stm32.12.3.rel1.win32_1.0.200.202406191623/tools/bin/../lib/gcc/arm-none-eabi/12.3.1/thumb/v7e-m/nofp/crtbegin.o
                [!provide]                        PROVIDE (__fini_array_end = .)
                0x08004a18                        . = ALIGN (0x4)
                0x08004a18                        _sidata = LOADADDR (.data)

.rel.dyn        0x08004a18        0x0
 .rel.iplt      0x08004a18        0x0 C:/ST/STM32CubeIDE_1.16.1/STM32CubeIDE/plugins/com.st.stm32cube.ide.mcu.externaltools.gnu-tools-for-stm32.12.3.rel1.win32_1.0.200.202406191623/tools/bin/../lib/gcc/arm-none-eabi/12.3.1/thumb/v7e-m/nofp/crtbegin.o

.data           0x20000000       0x68 load address 0x08004a18
                0x20000000                        . = ALIGN (0x4)
                0x20000000                        _sdata = .
 *(.data)
 *(.data*)
 .data.SystemCoreClock
                0x20000000        0x4 ./Common/System/system_stm32wlxx.o
                0x20000000                SystemCoreClock
 .data.uwTickPrio
                0x20000004        0x4 ./Drivers/STM32WLxx_HAL_Driver/stm32wlxx_hal.o
                0x20000004                uwTickPrio
 .data.uwTickFreq
                0x20000008        0x1 ./Drivers/STM32WLxx_HAL_Driver/stm32wlxx_hal.o
                0x20000008                uwTickFreq
 *fill*         0x20000009        0x3 
 .data.__sglue  0x2000000c        0xc C:/ST/STM32CubeIDE_1.16.1/STM32CubeIDE/plugins/com.st.stm32cube.ide.mcu.externaltools.gnu-tools-for-stm32.12.3.rel1.win32_1.0.200.202406191623/tools/bin/../lib/gcc/arm-none-eabi/12.3.1/../../../../arm-none-eabi/lib/thumb/v7e-m/nofp\libc_nano.a(libc_a-findfp.o)
                0x2000000c                __sglue
 .data._impure_ptr
                0x20000018        0x4 C:/ST/STM32CubeIDE_1.16.1/STM32CubeIDE/plugins/com.st.stm32cube.ide.mcu.externaltools.gnu-tools-for-stm32.12.3.rel1.win32_1.0.200.202406191623/tools/bin/../lib/gcc/arm-none-eabi/12.3.1/../../../../arm-none-eabi/lib/thumb/v7e-m/nofp\libc_nano.a(libc_a-impure.o)
                0x20000018                _impure_ptr
 .data._impure_data
                0x2000001c       0x4c C:/ST/STM32CubeIDE_1.16.1/STM32CubeIDE/plugins/com.st.stm32cube.ide.mcu.externaltools.gnu-tools-for-stm32.12.3.rel1.win32_1.0.200.202406191623/tools/bin/../lib/gcc/arm-none-eabi/12.3.1/../../../../arm-none-eabi/lib/thumb/v7e-m/nofp\libc_nano.a(libc_a-impure.o)
                0x2000001c                _impure_data
 *(.RamFunc)
 *(.RamFunc*)
                0x20000068                        . = ALIGN (0x4)
                0x20000068                        _edata = .

.igot.plt       0x20000068        0x0 load address 0x08004a80
 .igot.plt      0x20000068        0x0 C:/ST/STM32CubeIDE_1.16.1/STM32CubeIDE/plugins/com.st.stm32cube.ide.mcu.externaltools.gnu-tools-for-stm32.12.3.rel1.win32_1.0.200.202406191623/tools/bin/../lib/gcc/arm-none-eabi/12.3.1/thumb/v7e-m/nofp/crtbegin.o
                0x20000068                        . = ALIGN (0x4)

.bss            0x20000068      0x214 load address 0x08004a80
                0x20000068                        _sbss = .
                0x20000068                        __bss_start__ = _sbss
 *(.bss)
 .bss           0x20000068       0x1c C:/ST/STM32CubeIDE_1.16.1/STM32CubeIDE/plugins/com.st.stm32cube.ide.mcu.externaltools.gnu-tools-for-stm32.12.3.rel1.win32_1.0.200.202406191623/tools/bin/../lib/gcc/arm-none-eabi/12.3.1/thumb/v7e-m/nofp/crtbegin.o
 *(.bss*)
 .bss.husart2   0x20000084       0x8c ./Core/Src/main.o
                0x20000084                husart2
 .bss.__sbrk_heap_end
                0x20000110        0x4 ./Core/Src/sysmem.o
 .bss.hpb_exti  0x20000114       0x18 ./Drivers/BSP/STM32WLxx_Nucleo/stm32wlxx_nucleo.o
                0x20000114                hpb_exti
 .bss.uwTick    0x2000012c        0x4 ./Drivers/STM32WLxx_HAL_Driver/stm32wlxx_hal.o
                0x2000012c                uwTick
 .bss.__malloc_sbrk_start
                0x20000130        0x4 C:/ST/STM32CubeIDE_1.16.1/STM32CubeIDE/plugins/com.st.stm32cube.ide.mcu.externaltools.gnu-tools-for-stm32.12.3.rel1.win32_1.0.200.202406191623/tools/bin/../lib/gcc/arm-none-eabi/12.3.1/../../../../arm-none-eabi/lib/thumb/v7e-m/nofp\libc_nano.a(libc_a-mallocr.o)
                0x20000130                __malloc_sbrk_start
 .bss.__malloc_free_list
                0x20000134        0x4 C:/ST/STM32CubeIDE_1.16.1/STM32CubeIDE/plugins/com.st.stm32cube.ide.mcu.externaltools.gnu-tools-for-stm32.12.3.rel1.win32_1.0.200.202406191623/tools/bin/../lib/gcc/arm-none-eabi/12.3.1/../../../../arm-none-eabi/lib/thumb/v7e-m/nofp\libc_nano.a(libc_a-mallocr.o)
                0x20000134                __malloc_free_list
 .bss.__sf      0x20000138      0x138 C:/ST/STM32CubeIDE_1.16.1/STM32CubeIDE/plugins/com.st.stm32cube.ide.mcu.externaltools.gnu-tools-for-stm32.12.3.rel1.win32_1.0.200.202406191623/tools/bin/../lib/gcc/arm-none-eabi/12.3.1/../../../../arm-none-eabi/lib/thumb/v7e-m/nofp\libc_nano.a(libc_a-findfp.o)
                0x20000138                __sf
 .bss.__stdio_exit_handler
                0x20000270        0x4 C:/ST/STM32CubeIDE_1.16.1/STM32CubeIDE/plugins/com.st.stm32cube.ide.mcu.externaltools.gnu-tools-for-stm32.12.3.rel1.win32_1.0.200.202406191623/tools/bin/../lib/gcc/arm-none-eabi/12.3.1/../../../../arm-none-eabi/lib/thumb/v7e-m/nofp\libc_nano.a(libc_a-findfp.o)
                0x20000270                __stdio_exit_handler
 .bss.errno     0x20000274        0x4 C:/ST/STM32CubeIDE_1.16.1/STM32CubeIDE/plugins/com.st.stm32cube.ide.mcu.externaltools.gnu-tools-for-stm32.12.3.rel1.win32_1.0.200.202406191623/tools/bin/../lib/gcc/arm-none-eabi/12.3.1/../../../../arm-none-eabi/lib/thumb/v7e-m/nofp\libc_nano.a(libc_a-reent.o)
                0x20000274                errno
 .bss.__lock___malloc_recursive_mutex
                0x20000278        0x1 C:/ST/STM32CubeIDE_1.16.1/STM32CubeIDE/plugins/com.st.stm32cube.ide.mcu.externaltools.gnu-tools-for-stm32.12.3.rel1.win32_1.0.200.202406191623/tools/bin/../lib/gcc/arm-none-eabi/12.3.1/../../../../arm-none-eabi/lib/thumb/v7e-m/nofp\libc_nano.a(libc_a-lock.o)
                0x20000278                __lock___malloc_recursive_mutex
 .bss.__lock___sfp_recursive_mutex
                0x20000279        0x1 C:/ST/STM32CubeIDE_1.16.1/STM32CubeIDE/plugins/com.st.stm32cube.ide.mcu.externaltools.gnu-tools-for-stm32.12.3.rel1.win32_1.0.200.202406191623/tools/bin/../lib/gcc/arm-none-eabi/12.3.1/../../../../arm-none-eabi/lib/thumb/v7e-m/nofp\libc_nano.a(libc_a-lock.o)
                0x20000279                __lock___sfp_recursive_mutex
 *(COMMON)
                0x2000027c                        . = ALIGN (0x4)
 *fill*         0x2000027a        0x2 
                0x2000027c                        _ebss = .
                0x2000027c                        __bss_end__ = _ebss

._user_heap_stack
                0x2000027c      0x604 load address 0x08004a80
                0x20000280                        . = ALIGN (0x8)
 *fill*         0x2000027c        0x4 
                [!provide]                        PROVIDE (end = .)
                0x20000280                        PROVIDE (_end = .)
                0x20000480                        . = (. + _Min_Heap_Size)
 *fill*         0x20000280      0x200 
                0x20000880                        . = (. + _Min_Stack_Size)
 *fill*         0x20000480      0x400 
                0x20000880                        . = ALIGN (0x8)

/DISCARD/
 libc.a(*)
 libm.a(*)
 libgcc.a(*)

.ARM.attributes
                0x00000000       0x2a
 *(.ARM.attributes)
 .ARM.attributes
                0x00000000       0x1e C:/ST/STM32CubeIDE_1.16.1/STM32CubeIDE/plugins/com.st.stm32cube.ide.mcu.externaltools.gnu-tools-for-stm32.12.3.rel1.win32_1.0.200.202406191623/tools/bin/../lib/gcc/arm-none-eabi/12.3.1/thumb/v7e-m/nofp/crti.o
 .ARM.attributes
                0x0000001e       0x2e C:/ST/STM32CubeIDE_1.16.1/STM32CubeIDE/plugins/com.st.stm32cube.ide.mcu.externaltools.gnu-tools-for-stm32.12.3.rel1.win32_1.0.200.202406191623/tools/bin/../lib/gcc/arm-none-eabi/12.3.1/thumb/v7e-m/nofp/crtbegin.o
 .ARM.attributes
                0x0000004c       0x2e ./Common/System/system_stm32wlxx.o
 .ARM.attributes
                0x0000007a       0x2e ./Core/Src/aes.o
 .ARM.attributes
                0x000000a8       0x2e ./Core/Src/main.o
 .ARM.attributes
                0x000000d6       0x2e ./Core/Src/stm32wlxx_hal_msp.o
 .ARM.attributes
                0x00000104       0x2e ./Core/Src/stm32wlxx_it.o
 .ARM.attributes
                0x00000132       0x2e ./Core/Src/syscalls.o
 .ARM.attributes
                0x00000160       0x2e ./Core/Src/sysmem.o
 .ARM.attributes
                0x0000018e       0x21 ./Core/Startup/startup_stm32wl55jcix.o
 .ARM.attributes
                0x000001af       0x2e ./Drivers/BSP/STM32WLxx_Nucleo/stm32wlxx_nucleo.o
 .ARM.attributes
                0x000001dd       0x2e ./Drivers/STM32WLxx_HAL_Driver/stm32wlxx_hal.o
 .ARM.attributes
                0x0000020b       0x2e ./Drivers/STM32WLxx_HAL_Driver/stm32wlxx_hal_cortex.o
 .ARM.attributes
                0x00000239       0x2e ./Drivers/STM32WLxx_HAL_Driver/stm32wlxx_hal_exti.o
 .ARM.attributes
                0x00000267       0x2e ./Drivers/STM32WLxx_HAL_Driver/stm32wlxx_hal_gpio.o
 .ARM.attributes
                0x00000295       0x2e ./Drivers/STM32WLxx_HAL_Driver/stm32wlxx_hal_pwr.o
 .ARM.attributes
                0x000002c3       0x2e ./Drivers/STM32WLxx_HAL_Driver/stm32wlxx_hal_pwr_ex.o
 .ARM.attributes
                0x000002f1       0x2e ./Drivers/STM32WLxx_HAL_Driver/stm32wlxx_hal_rcc.o
 .ARM.attributes
                0x0000031f       0x2e ./Drivers/STM32WLxx_HAL_Driver/stm32wlxx_hal_rcc_ex.o
 .ARM.attributes
                0x0000034d       0x2e ./Drivers/STM32WLxx_HAL_Driver/stm32wlxx_hal_usart.o
 .ARM.attributes
                0x0000037b       0x2e ./Drivers/STM32WLxx_HAL_Driver/stm32wlxx_hal_usart_ex.o
 .ARM.attributes
                0x000003a9       0x2e C:/ST/STM32CubeIDE_1.16.1/STM32CubeIDE/plugins/com.st.stm32cube.ide.mcu.externaltools.gnu-tools-for-stm32.12.3.rel1.win32_1.0.200.202406191623/tools/bin/../lib/gcc/arm-none-eabi/12.3.1/../../../../arm-none-eabi/lib/thumb/v7e-m/nofp\libc_nano.a(libc_a-malloc.o)
 .ARM.attributes
                0x000003d7       0x2e C:/ST/STM32CubeIDE_1.16.1/STM32CubeIDE/plugins/com.st.stm32cube.ide.mcu.externaltools.gnu-tools-for-stm32.12.3.rel1.win32_1.0.200.202406191623/tools/bin/../lib/gcc/arm-none-eabi/12.3.1/../../../../arm-none-eabi/lib/thumb/v7e-m/nofp\libc_nano.a(libc_a-mallocr.o)
 .ARM.attributes
                0x00000405       0x2e C:/ST/STM32CubeIDE_1.16.1/STM32CubeIDE/plugins/com.st.stm32cube.ide.mcu.externaltools.gnu-tools-for-stm32.12.3.rel1.win32_1.0.200.202406191623/tools/bin/../lib/gcc/arm-none-eabi/12.3.1/../../../../arm-none-eabi/lib/thumb/v7e-m/nofp\libc_nano.a(libc_a-mlock.o)
 .ARM.attributes
                0x00000433       0x2e C:/ST/STM32CubeIDE_1.16.1/STM32CubeIDE/plugins/com.st.stm32cube.ide.mcu.externaltools.gnu-tools-for-stm32.12.3.rel1.win32_1.0.200.202406191623/tools/bin/../lib/gcc/arm-none-eabi/12.3.1/../../../../arm-none-eabi/lib/thumb/v7e-m/nofp\libc_nano.a(libc_a-findfp.o)
 .ARM.attributes
                0x00000461       0x2e C:/ST/STM32CubeIDE_1.16.1/STM32CubeIDE/plugins/com.st.stm32cube.ide.mcu.externaltools.gnu-tools-for-stm32.12.3.rel1.win32_1.0.200.202406191623/tools/bin/../lib/gcc/arm-none-eabi/12.3.1/../../../../arm-none-eabi/lib/thumb/v7e-m/nofp\libc_nano.a(libc_a-fwalk.o)
 .ARM.attributes
                0x0000048f       0x2e C:/ST/STM32CubeIDE_1.16.1/STM32CubeIDE/plugins/com.st.stm32cube.ide.mcu.externaltools.gnu-tools-for-stm32.12.3.rel1.win32_1.0.200.202406191623/tools/bin/../lib/gcc/arm-none-eabi/12.3.1/../../../../arm-none-eabi/lib/thumb/v7e-m/nofp\libc_nano.a(libc_a-printf.o)
 .ARM.attributes
                0x000004bd       0x2e C:/ST/STM32CubeIDE_1.16.1/STM32CubeIDE/plugins/com.st.stm32cube.ide.mcu.externaltools.gnu-tools-for-stm32.12.3.rel1.win32_1.0.200.202406191623/tools/bin/../lib/gcc/arm-none-eabi/12.3.1/../../../../arm-none-eabi/lib/thumb/v7e-m/nofp\libc_nano.a(libc_a-putchar.o)
 .ARM.attributes
                0x000004eb       0x2e C:/ST/STM32CubeIDE_1.16.1/STM32CubeIDE/plugins/com.st.stm32cube.ide.mcu.externaltools.gnu-tools-for-stm32.12.3.rel1.win32_1.0.200.202406191623/tools/bin/../lib/gcc/arm-none-eabi/12.3.1/../../../../arm-none-eabi/lib/thumb/v7e-m/nofp\libc_nano.a(libc_a-puts.o)
 .ARM.attributes
                0x00000519       0x2e C:/ST/STM32CubeIDE_1.16.1/STM32CubeIDE/plugins/com.st.stm32cube.ide.mcu.externaltools.gnu-tools-for-stm32.12.3.rel1.win32_1.0.200.202406191623/tools/bin/../lib/gcc/arm-none-eabi/12.3.1/../../../../arm-none-eabi/lib/thumb/v7e-m/nofp\libc_nano.a(libc_a-stdio.o)
 .ARM.attributes
                0x00000547       0x2e C:/ST/STM32CubeIDE_1.16.1/STM32CubeIDE/plugins/com.st.stm32cube.ide.mcu.externaltools.gnu-tools-for-stm32.12.3.rel1.win32_1.0.200.202406191623/tools/bin/../lib/gcc/arm-none-eabi/12.3.1/../../../../arm-none-eabi/lib/thumb/v7e-m/nofp\libc_nano.a(libc_a-wbuf.o)
 .ARM.attributes
                0x00000575       0x2e C:/ST/STM32CubeIDE_1.16.1/STM32CubeIDE/plugins/com.st.stm32cube.ide.mcu.externaltools.gnu-tools-for-stm32.12.3.rel1.win32_1.0.200.202406191623/tools/bin/../lib/gcc/arm-none-eabi/12.3.1/../../../../arm-none-eabi/lib/thumb/v7e-m/nofp\libc_nano.a(libc_a-wsetup.o)
 .ARM.attributes
                0x000005a3       0x2e C:/ST/STM32CubeIDE_1.16.1/STM32CubeIDE/plugins/com.st.stm32cube.ide.mcu.externaltools.gnu-tools-for-stm32.12.3.rel1.win32_1.0.200.202406191623/tools/bin/../lib/gcc/arm-none-eabi/12.3.1/../../../../arm-none-eabi/lib/thumb/v7e-m/nofp\libc_nano.a(libc_a-memset.o)
 .ARM.attributes
                0x000005d1       0x2e C:/ST/STM32CubeIDE_1.16.1/STM32CubeIDE/plugins/com.st.stm32cube.ide.mcu.externaltools.gnu-tools-for-stm32.12.3.rel1.win32_1.0.200.202406191623/tools/bin/../lib/gcc/arm-none-eabi/12.3.1/../../../../arm-none-eabi/lib/thumb/v7e-m/nofp\libc_nano.a(libc_a-closer.o)
 .ARM.attributes
                0x000005ff       0x2e C:/ST/STM32CubeIDE_1.16.1/STM32CubeIDE/plugins/com.st.stm32cube.ide.mcu.externaltools.gnu-tools-for-stm32.12.3.rel1.win32_1.0.200.202406191623/tools/bin/../lib/gcc/arm-none-eabi/12.3.1/../../../../arm-none-eabi/lib/thumb/v7e-m/nofp\libc_nano.a(libc_a-reent.o)
 .ARM.attributes
                0x0000062d       0x2e C:/ST/STM32CubeIDE_1.16.1/STM32CubeIDE/plugins/com.st.stm32cube.ide.mcu.externaltools.gnu-tools-for-stm32.12.3.rel1.win32_1.0.200.202406191623/tools/bin/../lib/gcc/arm-none-eabi/12.3.1/../../../../arm-none-eabi/lib/thumb/v7e-m/nofp\libc_nano.a(libc_a-impure.o)
 .ARM.attributes
                0x0000065b       0x2e C:/ST/STM32CubeIDE_1.16.1/STM32CubeIDE/plugins/com.st.stm32cube.ide.mcu.externaltools.gnu-tools-for-stm32.12.3.rel1.win32_1.0.200.202406191623/tools/bin/../lib/gcc/arm-none-eabi/12.3.1/../../../../arm-none-eabi/lib/thumb/v7e-m/nofp\libc_nano.a(libc_a-lseekr.o)
 .ARM.attributes
                0x00000689       0x2e C:/ST/STM32CubeIDE_1.16.1/STM32CubeIDE/plugins/com.st.stm32cube.ide.mcu.externaltools.gnu-tools-for-stm32.12.3.rel1.win32_1.0.200.202406191623/tools/bin/../lib/gcc/arm-none-eabi/12.3.1/../../../../arm-none-eabi/lib/thumb/v7e-m/nofp\libc_nano.a(libc_a-readr.o)
 .ARM.attributes
                0x000006b7       0x2e C:/ST/STM32CubeIDE_1.16.1/STM32CubeIDE/plugins/com.st.stm32cube.ide.mcu.externaltools.gnu-tools-for-stm32.12.3.rel1.win32_1.0.200.202406191623/tools/bin/../lib/gcc/arm-none-eabi/12.3.1/../../../../arm-none-eabi/lib/thumb/v7e-m/nofp\libc_nano.a(libc_a-sbrkr.o)
 .ARM.attributes
                0x000006e5       0x2e C:/ST/STM32CubeIDE_1.16.1/STM32CubeIDE/plugins/com.st.stm32cube.ide.mcu.externaltools.gnu-tools-for-stm32.12.3.rel1.win32_1.0.200.202406191623/tools/bin/../lib/gcc/arm-none-eabi/12.3.1/../../../../arm-none-eabi/lib/thumb/v7e-m/nofp\libc_nano.a(libc_a-writer.o)
 .ARM.attributes
                0x00000713       0x2e C:/ST/STM32CubeIDE_1.16.1/STM32CubeIDE/plugins/com.st.stm32cube.ide.mcu.externaltools.gnu-tools-for-stm32.12.3.rel1.win32_1.0.200.202406191623/tools/bin/../lib/gcc/arm-none-eabi/12.3.1/../../../../arm-none-eabi/lib/thumb/v7e-m/nofp\libc_nano.a(libc_a-errno.o)
 .ARM.attributes
                0x00000741       0x2e C:/ST/STM32CubeIDE_1.16.1/STM32CubeIDE/plugins/com.st.stm32cube.ide.mcu.externaltools.gnu-tools-for-stm32.12.3.rel1.win32_1.0.200.202406191623/tools/bin/../lib/gcc/arm-none-eabi/12.3.1/../../../../arm-none-eabi/lib/thumb/v7e-m/nofp\libc_nano.a(libc_a-init.o)
 .ARM.attributes
                0x0000076f       0x2e C:/ST/STM32CubeIDE_1.16.1/STM32CubeIDE/plugins/com.st.stm32cube.ide.mcu.externaltools.gnu-tools-for-stm32.12.3.rel1.win32_1.0.200.202406191623/tools/bin/../lib/gcc/arm-none-eabi/12.3.1/../../../../arm-none-eabi/lib/thumb/v7e-m/nofp\libc_nano.a(libc_a-lock.o)
 .ARM.attributes
                0x0000079d       0x17 C:/ST/STM32CubeIDE_1.16.1/STM32CubeIDE/plugins/com.st.stm32cube.ide.mcu.externaltools.gnu-tools-for-stm32.12.3.rel1.win32_1.0.200.202406191623/tools/bin/../lib/gcc/arm-none-eabi/12.3.1/../../../../arm-none-eabi/lib/thumb/v7e-m/nofp\libc_nano.a(libc_a-strlen.o)
 .ARM.attributes
                0x000007b4       0x2e C:/ST/STM32CubeIDE_1.16.1/STM32CubeIDE/plugins/com.st.stm32cube.ide.mcu.externaltools.gnu-tools-for-stm32.12.3.rel1.win32_1.0.200.202406191623/tools/bin/../lib/gcc/arm-none-eabi/12.3.1/../../../../arm-none-eabi/lib/thumb/v7e-m/nofp\libc_nano.a(libc_a-freer.o)
 .ARM.attributes
                0x000007e2       0x2e C:/ST/STM32CubeIDE_1.16.1/STM32CubeIDE/plugins/com.st.stm32cube.ide.mcu.externaltools.gnu-tools-for-stm32.12.3.rel1.win32_1.0.200.202406191623/tools/bin/../lib/gcc/arm-none-eabi/12.3.1/../../../../arm-none-eabi/lib/thumb/v7e-m/nofp\libc_nano.a(libc_a-nano-vfprintf.o)
 .ARM.attributes
                0x00000810       0x2e C:/ST/STM32CubeIDE_1.16.1/STM32CubeIDE/plugins/com.st.stm32cube.ide.mcu.externaltools.gnu-tools-for-stm32.12.3.rel1.win32_1.0.200.202406191623/tools/bin/../lib/gcc/arm-none-eabi/12.3.1/../../../../arm-none-eabi/lib/thumb/v7e-m/nofp\libc_nano.a(libc_a-nano-vfprintf_i.o)
 .ARM.attributes
                0x0000083e       0x2e C:/ST/STM32CubeIDE_1.16.1/STM32CubeIDE/plugins/com.st.stm32cube.ide.mcu.externaltools.gnu-tools-for-stm32.12.3.rel1.win32_1.0.200.202406191623/tools/bin/../lib/gcc/arm-none-eabi/12.3.1/../../../../arm-none-eabi/lib/thumb/v7e-m/nofp\libc_nano.a(libc_a-fflush.o)
 .ARM.attributes
                0x0000086c       0x2e C:/ST/STM32CubeIDE_1.16.1/STM32CubeIDE/plugins/com.st.stm32cube.ide.mcu.externaltools.gnu-tools-for-stm32.12.3.rel1.win32_1.0.200.202406191623/tools/bin/../lib/gcc/arm-none-eabi/12.3.1/../../../../arm-none-eabi/lib/thumb/v7e-m/nofp\libc_nano.a(libc_a-makebuf.o)
 .ARM.attributes
                0x0000089a       0x2e C:/ST/STM32CubeIDE_1.16.1/STM32CubeIDE/plugins/com.st.stm32cube.ide.mcu.externaltools.gnu-tools-for-stm32.12.3.rel1.win32_1.0.200.202406191623/tools/bin/../lib/gcc/arm-none-eabi/12.3.1/../../../../arm-none-eabi/lib/thumb/v7e-m/nofp\libc_nano.a(libc_a-putc.o)
 .ARM.attributes
                0x000008c8       0x2e C:/ST/STM32CubeIDE_1.16.1/STM32CubeIDE/plugins/com.st.stm32cube.ide.mcu.externaltools.gnu-tools-for-stm32.12.3.rel1.win32_1.0.200.202406191623/tools/bin/../lib/gcc/arm-none-eabi/12.3.1/../../../../arm-none-eabi/lib/thumb/v7e-m/nofp\libc_nano.a(libc_a-fstatr.o)
 .ARM.attributes
                0x000008f6       0x2e C:/ST/STM32CubeIDE_1.16.1/STM32CubeIDE/plugins/com.st.stm32cube.ide.mcu.externaltools.gnu-tools-for-stm32.12.3.rel1.win32_1.0.200.202406191623/tools/bin/../lib/gcc/arm-none-eabi/12.3.1/../../../../arm-none-eabi/lib/thumb/v7e-m/nofp\libc_nano.a(libc_a-isattyr.o)
 .ARM.attributes
                0x00000924       0x1c C:/ST/STM32CubeIDE_1.16.1/STM32CubeIDE/plugins/com.st.stm32cube.ide.mcu.externaltools.gnu-tools-for-stm32.12.3.rel1.win32_1.0.200.202406191623/tools/bin/../lib/gcc/arm-none-eabi/12.3.1/../../../../arm-none-eabi/lib/thumb/v7e-m/nofp\libc_nano.a(libc_a-memchr.o)
 .ARM.attributes
                0x00000940       0x1e C:/ST/STM32CubeIDE_1.16.1/STM32CubeIDE/plugins/com.st.stm32cube.ide.mcu.externaltools.gnu-tools-for-stm32.12.3.rel1.win32_1.0.200.202406191623/tools/bin/../lib/gcc/arm-none-eabi/12.3.1/thumb/v7e-m/nofp/crtn.o
OUTPUT(bm_CM4.elf elf32-littlearm)
LOAD linker stubs
LOAD C:/ST/STM32CubeIDE_1.16.1/STM32CubeIDE/plugins/com.st.stm32cube.ide.mcu.externaltools.gnu-tools-for-stm32.12.3.rel1.win32_1.0.200.202406191623/tools/bin/../lib/gcc/arm-none-eabi/12.3.1/../../../../arm-none-eabi/lib/thumb/v7e-m/nofp\libc.a
LOAD C:/ST/STM32CubeIDE_1.16.1/STM32CubeIDE/plugins/com.st.stm32cube.ide.mcu.externaltools.gnu-tools-for-stm32.12.3.rel1.win32_1.0.200.202406191623/tools/bin/../lib/gcc/arm-none-eabi/12.3.1/../../../../arm-none-eabi/lib/thumb/v7e-m/nofp\libm.a
LOAD C:/ST/STM32CubeIDE_1.16.1/STM32CubeIDE/plugins/com.st.stm32cube.ide.mcu.externaltools.gnu-tools-for-stm32.12.3.rel1.win32_1.0.200.202406191623/tools/bin/../lib/gcc/arm-none-eabi/12.3.1/thumb/v7e-m/nofp\libgcc.a

.debug_info     0x00000000     0xd9a8
 .debug_info    0x00000000      0x515 ./Common/System/system_stm32wlxx.o
 .debug_info    0x00000515      0x4ac ./Core/Src/aes.o
 .debug_info    0x000009c1     0x1377 ./Core/Src/main.o
 .debug_info    0x00001d38      0xe12 ./Core/Src/stm32wlxx_hal_msp.o
 .debug_info    0x00002b4a      0x1cc ./Core/Src/stm32wlxx_it.o
 .debug_info    0x00002d16      0x6a3 ./Core/Src/syscalls.o
 .debug_info    0x000033b9      0x168 ./Core/Src/sysmem.o
 .debug_info    0x00003521       0x30 ./Core/Startup/startup_stm32wl55jcix.o
 .debug_info    0x00003551     0x17d3 ./Drivers/BSP/STM32WLxx_Nucleo/stm32wlxx_nucleo.o
 .debug_info    0x00004d24     0x1165 ./Drivers/STM32WLxx_HAL_Driver/stm32wlxx_hal.o
 .debug_info    0x00005e89      0xced ./Drivers/STM32WLxx_HAL_Driver/stm32wlxx_hal_cortex.o
 .debug_info    0x00006b76      0x7b2 ./Drivers/STM32WLxx_HAL_Driver/stm32wlxx_hal_exti.o
 .debug_info    0x00007328      0x708 ./Drivers/STM32WLxx_HAL_Driver/stm32wlxx_hal_gpio.o
 .debug_info    0x00007a30      0x8e8 ./Drivers/STM32WLxx_HAL_Driver/stm32wlxx_hal_pwr.o
 .debug_info    0x00008318      0xde7 ./Drivers/STM32WLxx_HAL_Driver/stm32wlxx_hal_pwr_ex.o
 .debug_info    0x000090ff     0x13ef ./Drivers/STM32WLxx_HAL_Driver/stm32wlxx_hal_rcc.o
 .debug_info    0x0000a4ee      0xf21 ./Drivers/STM32WLxx_HAL_Driver/stm32wlxx_hal_rcc_ex.o
 .debug_info    0x0000b40f     0x1b56 ./Drivers/STM32WLxx_HAL_Driver/stm32wlxx_hal_usart.o
 .debug_info    0x0000cf65      0xa43 ./Drivers/STM32WLxx_HAL_Driver/stm32wlxx_hal_usart_ex.o

.debug_abbrev   0x00000000     0x288f
 .debug_abbrev  0x00000000      0x13e ./Common/System/system_stm32wlxx.o
 .debug_abbrev  0x0000013e      0x1bc ./Core/Src/aes.o
 .debug_abbrev  0x000002fa      0x31b ./Core/Src/main.o
 .debug_abbrev  0x00000615      0x236 ./Core/Src/stm32wlxx_hal_msp.o
 .debug_abbrev  0x0000084b       0xe6 ./Core/Src/stm32wlxx_it.o
 .debug_abbrev  0x00000931      0x1b6 ./Core/Src/syscalls.o
 .debug_abbrev  0x00000ae7       0xbc ./Core/Src/sysmem.o
 .debug_abbrev  0x00000ba3       0x24 ./Core/Startup/startup_stm32wl55jcix.o
 .debug_abbrev  0x00000bc7      0x338 ./Drivers/BSP/STM32WLxx_Nucleo/stm32wlxx_nucleo.o
 .debug_abbrev  0x00000eff      0x344 ./Drivers/STM32WLxx_HAL_Driver/stm32wlxx_hal.o
 .debug_abbrev  0x00001243      0x2e8 ./Drivers/STM32WLxx_HAL_Driver/stm32wlxx_hal_cortex.o
 .debug_abbrev  0x0000152b      0x1cd ./Drivers/STM32WLxx_HAL_Driver/stm32wlxx_hal_exti.o
 .debug_abbrev  0x000016f8      0x1e9 ./Drivers/STM32WLxx_HAL_Driver/stm32wlxx_hal_gpio.o
 .debug_abbrev  0x000018e1      0x209 ./Drivers/STM32WLxx_HAL_Driver/stm32wlxx_hal_pwr.o
 .debug_abbrev  0x00001aea      0x302 ./Drivers/STM32WLxx_HAL_Driver/stm32wlxx_hal_pwr_ex.o
 .debug_abbrev  0x00001dec      0x32d ./Drivers/STM32WLxx_HAL_Driver/stm32wlxx_hal_rcc.o
 .debug_abbrev  0x00002119      0x2cb ./Drivers/STM32WLxx_HAL_Driver/stm32wlxx_hal_rcc_ex.o
 .debug_abbrev  0x000023e4      0x2a7 ./Drivers/STM32WLxx_HAL_Driver/stm32wlxx_hal_usart.o
 .debug_abbrev  0x0000268b      0x204 ./Drivers/STM32WLxx_HAL_Driver/stm32wlxx_hal_usart_ex.o

.debug_aranges  0x00000000     0x1088
 .debug_aranges
                0x00000000       0x28 ./Common/System/system_stm32wlxx.o
 .debug_aranges
                0x00000028       0x60 ./Core/Src/aes.o
 .debug_aranges
                0x00000088       0x50 ./Core/Src/main.o
 .debug_aranges
                0x000000d8       0x48 ./Core/Src/stm32wlxx_hal_msp.o
 .debug_aranges
                0x00000120       0x78 ./Core/Src/stm32wlxx_it.o
 .debug_aranges
                0x00000198       0xa8 ./Core/Src/syscalls.o
 .debug_aranges
                0x00000240       0x20 ./Core/Src/sysmem.o
 .debug_aranges
                0x00000260       0x28 ./Core/Startup/startup_stm32wl55jcix.o
 .debug_aranges
                0x00000288       0xe0 ./Drivers/BSP/STM32WLxx_Nucleo/stm32wlxx_nucleo.o
 .debug_aranges
                0x00000368      0x240 ./Drivers/STM32WLxx_HAL_Driver/stm32wlxx_hal.o
 .debug_aranges
                0x000005a8      0x118 ./Drivers/STM32WLxx_HAL_Driver/stm32wlxx_hal_cortex.o
 .debug_aranges
                0x000006c0       0x60 ./Drivers/STM32WLxx_HAL_Driver/stm32wlxx_hal_exti.o
 .debug_aranges
                0x00000720       0x60 ./Drivers/STM32WLxx_HAL_Driver/stm32wlxx_hal_gpio.o
 .debug_aranges
                0x00000780       0xc8 ./Drivers/STM32WLxx_HAL_Driver/stm32wlxx_hal_pwr.o
 .debug_aranges
                0x00000848      0x200 ./Drivers/STM32WLxx_HAL_Driver/stm32wlxx_hal_pwr_ex.o
 .debug_aranges
                0x00000a48      0x230 ./Drivers/STM32WLxx_HAL_Driver/stm32wlxx_hal_rcc.o
 .debug_aranges
                0x00000c78      0x1e8 ./Drivers/STM32WLxx_HAL_Driver/stm32wlxx_hal_rcc_ex.o
 .debug_aranges
                0x00000e60      0x1c0 ./Drivers/STM32WLxx_HAL_Driver/stm32wlxx_hal_usart.o
 .debug_aranges
                0x00001020       0x68 ./Drivers/STM32WLxx_HAL_Driver/stm32wlxx_hal_usart_ex.o

.debug_rnglists
                0x00000000      0xc48
 .debug_rnglists
                0x00000000       0x1a ./Common/System/system_stm32wlxx.o
 .debug_rnglists
                0x0000001a       0x48 ./Core/Src/aes.o
 .debug_rnglists
                0x00000062       0x3a ./Core/Src/main.o
 .debug_rnglists
                0x0000009c       0x32 ./Core/Src/stm32wlxx_hal_msp.o
 .debug_rnglists
                0x000000ce       0x55 ./Core/Src/stm32wlxx_it.o
 .debug_rnglists
                0x00000123       0x79 ./Core/Src/syscalls.o
 .debug_rnglists
                0x0000019c       0x13 ./Core/Src/sysmem.o
 .debug_rnglists
                0x000001af       0x19 ./Core/Startup/startup_stm32wl55jcix.o
 .debug_rnglists
                0x000001c8       0xa4 ./Drivers/BSP/STM32WLxx_Nucleo/stm32wlxx_nucleo.o
 .debug_rnglists
                0x0000026c      0x1ab ./Drivers/STM32WLxx_HAL_Driver/stm32wlxx_hal.o
 .debug_rnglists
                0x00000417       0xce ./Drivers/STM32WLxx_HAL_Driver/stm32wlxx_hal_cortex.o
 .debug_rnglists
                0x000004e5       0x46 ./Drivers/STM32WLxx_HAL_Driver/stm32wlxx_hal_exti.o
 .debug_rnglists
                0x0000052b       0x45 ./Drivers/STM32WLxx_HAL_Driver/stm32wlxx_hal_gpio.o
 .debug_rnglists
                0x00000570       0x91 ./Drivers/STM32WLxx_HAL_Driver/stm32wlxx_hal_pwr.o
 .debug_rnglists
                0x00000601      0x180 ./Drivers/STM32WLxx_HAL_Driver/stm32wlxx_hal_pwr_ex.o
 .debug_rnglists
                0x00000781      0x1a6 ./Drivers/STM32WLxx_HAL_Driver/stm32wlxx_hal_rcc.o
 .debug_rnglists
                0x00000927      0x16e ./Drivers/STM32WLxx_HAL_Driver/stm32wlxx_hal_rcc_ex.o
 .debug_rnglists
                0x00000a95      0x168 ./Drivers/STM32WLxx_HAL_Driver/stm32wlxx_hal_usart.o
 .debug_rnglists
                0x00000bfd       0x4b ./Drivers/STM32WLxx_HAL_Driver/stm32wlxx_hal_usart_ex.o

.debug_macro    0x00000000    0x1dd8f
 .debug_macro   0x00000000      0x219 ./Common/System/system_stm32wlxx.o
 .debug_macro   0x00000219      0xab4 ./Common/System/system_stm32wlxx.o
 .debug_macro   0x00000ccd       0x2e ./Common/System/system_stm32wlxx.o
 .debug_macro   0x00000cfb       0x3a ./Common/System/system_stm32wlxx.o
 .debug_macro   0x00000d35       0x22 ./Common/System/system_stm32wlxx.o
 .debug_macro   0x00000d57       0x8e ./Common/System/system_stm32wlxx.o
 .debug_macro   0x00000de5       0x51 ./Common/System/system_stm32wlxx.o
 .debug_macro   0x00000e36      0x103 ./Common/System/system_stm32wlxx.o
 .debug_macro   0x00000f39       0x6a ./Common/System/system_stm32wlxx.o
 .debug_macro   0x00000fa3      0x1df ./Common/System/system_stm32wlxx.o
 .debug_macro   0x00001182       0x1c ./Common/System/system_stm32wlxx.o
 .debug_macro   0x0000119e       0x22 ./Common/System/system_stm32wlxx.o
 .debug_macro   0x000011c0       0xfb ./Common/System/system_stm32wlxx.o
 .debug_macro   0x000012bb     0x1011 ./Common/System/system_stm32wlxx.o
 .debug_macro   0x000022cc      0x11f ./Common/System/system_stm32wlxx.o
 .debug_macro   0x000023eb     0xf31a ./Common/System/system_stm32wlxx.o
 .debug_macro   0x00011705       0x6d ./Common/System/system_stm32wlxx.o
 .debug_macro   0x00011772      0x124 ./Common/System/system_stm32wlxx.o
 .debug_macro   0x00011896     0x341d ./Common/System/system_stm32wlxx.o
 .debug_macro   0x00014cb3      0x189 ./Common/System/system_stm32wlxx.o
 .debug_macro   0x00014e3c       0x5c ./Common/System/system_stm32wlxx.o
 .debug_macro   0x00014e98      0x416 ./Common/System/system_stm32wlxx.o
 .debug_macro   0x000152ae      0x29c ./Common/System/system_stm32wlxx.o
 .debug_macro   0x0001554a      0x35a ./Common/System/system_stm32wlxx.o
 .debug_macro   0x000158a4      0x196 ./Common/System/system_stm32wlxx.o
 .debug_macro   0x00015a3a       0x4a ./Common/System/system_stm32wlxx.o
 .debug_macro   0x00015a84      0x236 ./Common/System/system_stm32wlxx.o
 .debug_macro   0x00015cba      0x229 ./Common/System/system_stm32wlxx.o
 .debug_macro   0x00015ee3      0x3fa ./Common/System/system_stm32wlxx.o
 .debug_macro   0x000162dd       0x2e ./Common/System/system_stm32wlxx.o
 .debug_macro   0x0001630b      0x107 ./Common/System/system_stm32wlxx.o
 .debug_macro   0x00016412      0x1ba ./Common/System/system_stm32wlxx.o
 .debug_macro   0x000165cc       0xe6 ./Common/System/system_stm32wlxx.o
 .debug_macro   0x000166b2      0x283 ./Common/System/system_stm32wlxx.o
 .debug_macro   0x00016935      0x133 ./Common/System/system_stm32wlxx.o
 .debug_macro   0x00016a68      0x36f ./Common/System/system_stm32wlxx.o
 .debug_macro   0x00016dd7      0x683 ./Common/System/system_stm32wlxx.o
 .debug_macro   0x0001745a      0x20e ./Common/System/system_stm32wlxx.o
 .debug_macro   0x00017668      0xfb4 ./Common/System/system_stm32wlxx.o
 .debug_macro   0x0001861c      0x136 ./Common/System/system_stm32wlxx.o
 .debug_macro   0x00018752      0x2db ./Common/System/system_stm32wlxx.o
 .debug_macro   0x00018a2d      0x693 ./Common/System/system_stm32wlxx.o
 .debug_macro   0x000190c0       0xa6 ./Common/System/system_stm32wlxx.o
 .debug_macro   0x00019166      0x360 ./Common/System/system_stm32wlxx.o
 .debug_macro   0x000194c6       0xb9 ./Common/System/system_stm32wlxx.o
 .debug_macro   0x0001957f      0x45a ./Common/System/system_stm32wlxx.o
 .debug_macro   0x000199d9      0x3c0 ./Common/System/system_stm32wlxx.o
 .debug_macro   0x00019d99      0x179 ./Core/Src/aes.o
 .debug_macro   0x00019f12       0x16 ./Core/Src/aes.o
 .debug_macro   0x00019f28       0x61 ./Core/Src/aes.o
 .debug_macro   0x00019f89       0x24 ./Core/Src/aes.o
 .debug_macro   0x00019fad       0x43 ./Core/Src/aes.o
 .debug_macro   0x00019ff0       0x34 ./Core/Src/aes.o
 .debug_macro   0x0001a024       0x16 ./Core/Src/aes.o
 .debug_macro   0x0001a03a       0x43 ./Core/Src/aes.o
 .debug_macro   0x0001a07d       0x34 ./Core/Src/aes.o
 .debug_macro   0x0001a0b1       0x10 ./Core/Src/aes.o
 .debug_macro   0x0001a0c1       0x58 ./Core/Src/aes.o
 .debug_macro   0x0001a119       0x8e ./Core/Src/aes.o
 .debug_macro   0x0001a1a7       0x1c ./Core/Src/aes.o
 .debug_macro   0x0001a1c3      0x177 ./Core/Src/aes.o
 .debug_macro   0x0001a33a      0x369 ./Core/Src/aes.o
 .debug_macro   0x0001a6a3       0x10 ./Core/Src/aes.o
 .debug_macro   0x0001a6b3       0x35 ./Core/Src/aes.o
 .debug_macro   0x0001a6e8       0x20 ./Core/Src/aes.o
 .debug_macro   0x0001a708       0x1c ./Core/Src/aes.o
 .debug_macro   0x0001a724       0x10 ./Core/Src/aes.o
 .debug_macro   0x0001a734       0x1c ./Core/Src/aes.o
 .debug_macro   0x0001a750       0x16 ./Core/Src/aes.o
 .debug_macro   0x0001a766      0x146 ./Core/Src/aes.o
 .debug_macro   0x0001a8ac      0x363 ./Core/Src/main.o
 .debug_macro   0x0001ac0f       0x52 ./Core/Src/main.o
 .debug_macro   0x0001ac61       0x22 ./Core/Src/main.o
 .debug_macro   0x0001ac83      0x1a1 ./Core/Src/main.o
 .debug_macro   0x0001ae24       0x16 ./Core/Src/main.o
 .debug_macro   0x0001ae3a       0x16 ./Core/Src/main.o
 .debug_macro   0x0001ae50       0x1c ./Core/Src/main.o
 .debug_macro   0x0001ae6c       0x1c ./Core/Src/main.o
 .debug_macro   0x0001ae88       0x16 ./Core/Src/main.o
 .debug_macro   0x0001ae9e       0x22 ./Core/Src/main.o
 .debug_macro   0x0001aec0      0x321 ./Core/Src/stm32wlxx_hal_msp.o
 .debug_macro   0x0001b1e1      0x32b ./Core/Src/stm32wlxx_it.o
 .debug_macro   0x0001b50c      0x274 ./Core/Src/syscalls.o
 .debug_macro   0x0001b780       0x5b ./Core/Src/syscalls.o
 .debug_macro   0x0001b7db       0x94 ./Core/Src/syscalls.o
 .debug_macro   0x0001b86f       0x57 ./Core/Src/syscalls.o
 .debug_macro   0x0001b8c6       0x10 ./Core/Src/syscalls.o
 .debug_macro   0x0001b8d6       0x10 ./Core/Src/syscalls.o
 .debug_macro   0x0001b8e6       0x10 ./Core/Src/syscalls.o
 .debug_macro   0x0001b8f6       0x10 ./Core/Src/syscalls.o
 .debug_macro   0x0001b906       0x1c ./Core/Src/syscalls.o
 .debug_macro   0x0001b922       0x52 ./Core/Src/syscalls.o
 .debug_macro   0x0001b974       0x22 ./Core/Src/syscalls.o
 .debug_macro   0x0001b996       0x10 ./Core/Src/syscalls.o
 .debug_macro   0x0001b9a6       0x52 ./Core/Src/syscalls.o
 .debug_macro   0x0001b9f8       0xcf ./Core/Src/syscalls.o
 .debug_macro   0x0001bac7       0x1c ./Core/Src/syscalls.o
 .debug_macro   0x0001bae3       0x3d ./Core/Src/syscalls.o
 .debug_macro   0x0001bb20       0x35 ./Core/Src/syscalls.o
 .debug_macro   0x0001bb55      0x12c ./Core/Src/syscalls.o
 .debug_macro   0x0001bc81       0x16 ./Core/Src/syscalls.o
 .debug_macro   0x0001bc97       0x16 ./Core/Src/syscalls.o
 .debug_macro   0x0001bcad       0x29 ./Core/Src/syscalls.o
 .debug_macro   0x0001bcd6       0x10 ./Core/Src/syscalls.o
 .debug_macro   0x0001bce6      0x242 ./Core/Src/syscalls.o
 .debug_macro   0x0001bf28       0x10 ./Core/Src/syscalls.o
 .debug_macro   0x0001bf38      0x18a ./Core/Src/syscalls.o
 .debug_macro   0x0001c0c2       0x16 ./Core/Src/syscalls.o
 .debug_macro   0x0001c0d8       0xce ./Core/Src/syscalls.o
 .debug_macro   0x0001c1a6       0xff ./Core/Src/sysmem.o
 .debug_macro   0x0001c2a5      0x23c ./Core/Src/sysmem.o
 .debug_macro   0x0001c4e1      0x246 ./Drivers/BSP/STM32WLxx_Nucleo/stm32wlxx_nucleo.o
 .debug_macro   0x0001c727       0x1c ./Drivers/BSP/STM32WLxx_Nucleo/stm32wlxx_nucleo.o
 .debug_macro   0x0001c743      0x23d ./Drivers/STM32WLxx_HAL_Driver/stm32wlxx_hal.o
 .debug_macro   0x0001c980      0x219 ./Drivers/STM32WLxx_HAL_Driver/stm32wlxx_hal_cortex.o
 .debug_macro   0x0001cb99      0x225 ./Drivers/STM32WLxx_HAL_Driver/stm32wlxx_hal_exti.o
 .debug_macro   0x0001cdbe      0x21f ./Drivers/STM32WLxx_HAL_Driver/stm32wlxx_hal_gpio.o
 .debug_macro   0x0001cfdd      0x273 ./Drivers/STM32WLxx_HAL_Driver/stm32wlxx_hal_pwr.o
 .debug_macro   0x0001d250      0x22b ./Drivers/STM32WLxx_HAL_Driver/stm32wlxx_hal_pwr_ex.o
 .debug_macro   0x0001d47b      0x279 ./Drivers/STM32WLxx_HAL_Driver/stm32wlxx_hal_rcc.o
 .debug_macro   0x0001d6f4      0x22b ./Drivers/STM32WLxx_HAL_Driver/stm32wlxx_hal_rcc_ex.o
 .debug_macro   0x0001d91f      0x24b ./Drivers/STM32WLxx_HAL_Driver/stm32wlxx_hal_usart.o
 .debug_macro   0x0001db6a      0x225 ./Drivers/STM32WLxx_HAL_Driver/stm32wlxx_hal_usart_ex.o

.debug_line     0x00000000    0x10b90
 .debug_line    0x00000000      0x9a5 ./Common/System/system_stm32wlxx.o
 .debug_line    0x000009a5      0xb91 ./Core/Src/aes.o
 .debug_line    0x00001536      0xd4b ./Core/Src/main.o
 .debug_line    0x00002281      0xba4 ./Core/Src/stm32wlxx_hal_msp.o
 .debug_line    0x00002e25      0xbf3 ./Core/Src/stm32wlxx_it.o
 .debug_line    0x00003a18      0x8b2 ./Core/Src/syscalls.o
 .debug_line    0x000042ca      0x583 ./Core/Src/sysmem.o
 .debug_line    0x0000484d       0x7b ./Core/Startup/startup_stm32wl55jcix.o
 .debug_line    0x000048c8      0xd38 ./Drivers/BSP/STM32WLxx_Nucleo/stm32wlxx_nucleo.o
 .debug_line    0x00005600     0x10ab ./Drivers/STM32WLxx_HAL_Driver/stm32wlxx_hal.o
 .debug_line    0x000066ab      0xeba ./Drivers/STM32WLxx_HAL_Driver/stm32wlxx_hal_cortex.o
 .debug_line    0x00007565      0xc9e ./Drivers/STM32WLxx_HAL_Driver/stm32wlxx_hal_exti.o
 .debug_line    0x00008203      0xd4f ./Drivers/STM32WLxx_HAL_Driver/stm32wlxx_hal_gpio.o
 .debug_line    0x00008f52      0xba1 ./Drivers/STM32WLxx_HAL_Driver/stm32wlxx_hal_pwr.o
 .debug_line    0x00009af3     0x1053 ./Drivers/STM32WLxx_HAL_Driver/stm32wlxx_hal_pwr_ex.o
 .debug_line    0x0000ab46     0x18d1 ./Drivers/STM32WLxx_HAL_Driver/stm32wlxx_hal_rcc.o
 .debug_line    0x0000c417     0x1593 ./Drivers/STM32WLxx_HAL_Driver/stm32wlxx_hal_rcc_ex.o
 .debug_line    0x0000d9aa     0x255e ./Drivers/STM32WLxx_HAL_Driver/stm32wlxx_hal_usart.o
 .debug_line    0x0000ff08      0xc88 ./Drivers/STM32WLxx_HAL_Driver/stm32wlxx_hal_usart_ex.o

.debug_str      0x00000000    0xb66d6
 .debug_str     0x00000000    0xaafc2 ./Common/System/system_stm32wlxx.o
                              0xab594 (size before relaxing)
 .debug_str     0x000aafc2     0x386c ./Core/Src/aes.o
                               0x7908 (size before relaxing)
 .debug_str     0x000ae82e     0x170d ./Core/Src/main.o
                              0xb04f6 (size before relaxing)
 .debug_str     0x000aff3b      0x26f ./Core/Src/stm32wlxx_hal_msp.o
                              0xb01a5 (size before relaxing)
 .debug_str     0x000b01aa      0x140 ./Core/Src/stm32wlxx_it.o
                              0xaf81f (size before relaxing)
 .debug_str     0x000b02ea     0x20a6 ./Core/Src/syscalls.o
                               0x9872 (size before relaxing)
 .debug_str     0x000b2390       0x6b ./Core/Src/sysmem.o
                               0x608a (size before relaxing)
 .debug_str     0x000b23fb       0x44 ./Core/Startup/startup_stm32wl55jcix.o
                                 0x74 (size before relaxing)
 .debug_str     0x000b243f      0xa21 ./Drivers/BSP/STM32WLxx_Nucleo/stm32wlxx_nucleo.o
                              0xad243 (size before relaxing)
 .debug_str     0x000b2e60      0x928 ./Drivers/STM32WLxx_HAL_Driver/stm32wlxx_hal.o
                              0xac393 (size before relaxing)
 .debug_str     0x000b3788      0x39d ./Drivers/STM32WLxx_HAL_Driver/stm32wlxx_hal_cortex.o
                              0xabc91 (size before relaxing)
 .debug_str     0x000b3b25      0x1e9 ./Drivers/STM32WLxx_HAL_Driver/stm32wlxx_hal_exti.o
                              0xab629 (size before relaxing)
 .debug_str     0x000b3d0e      0x126 ./Drivers/STM32WLxx_HAL_Driver/stm32wlxx_hal_gpio.o
                              0xab604 (size before relaxing)
 .debug_str     0x000b3e34      0x57c ./Drivers/STM32WLxx_HAL_Driver/stm32wlxx_hal_pwr.o
                              0xaba03 (size before relaxing)
 .debug_str     0x000b43b0      0x6de ./Drivers/STM32WLxx_HAL_Driver/stm32wlxx_hal_pwr_ex.o
                              0xabd63 (size before relaxing)
 .debug_str     0x000b4a8e      0xaf2 ./Drivers/STM32WLxx_HAL_Driver/stm32wlxx_hal_rcc.o
                              0xac377 (size before relaxing)
 .debug_str     0x000b5580      0x5a8 ./Drivers/STM32WLxx_HAL_Driver/stm32wlxx_hal_rcc_ex.o
                              0xabed2 (size before relaxing)
 .debug_str     0x000b5b28      0xa24 ./Drivers/STM32WLxx_HAL_Driver/stm32wlxx_hal_usart.o
                              0xac5fa (size before relaxing)
 .debug_str     0x000b654c      0x18a ./Drivers/STM32WLxx_HAL_Driver/stm32wlxx_hal_usart_ex.o
                              0xabaed (size before relaxing)

.comment        0x00000000       0x43
 .comment       0x00000000       0x43 ./Common/System/system_stm32wlxx.o
                                 0x44 (size before relaxing)
 .comment       0x00000043       0x44 ./Core/Src/aes.o
 .comment       0x00000043       0x44 ./Core/Src/main.o
 .comment       0x00000043       0x44 ./Core/Src/stm32wlxx_hal_msp.o
 .comment       0x00000043       0x44 ./Core/Src/stm32wlxx_it.o