C:/Users/VU XUAN QUAN/STM32Cube/Repository/STM32Cube_FW_WL_V1.3.0/Drivers/STM32WLxx_HAL_Driver/Inc/stm32wlxx_ll_bus.h:449:22:LL_AHB2_GRP1_EnableClock	24	static
../Core/Src/main.c:66:6:print_hex	24	static
../Core/Src/main.c:81:5:main	352	static
../Core/Src/main.c:198:6:SystemClock_Config	112	static
../Core/Src/main.c:242:13:MX_USART2_Init	8	static
../Core/Src/main.c:290:13:MX_GPIO_Init	8	static
../Core/Src/main.c:311:6:Error_Handler	4	static,ignoring_inline_asm
../Core/Src/main.c:341:5:_write	24	static
